[runner] topology loaded: self=19999, 4 node(s), file=E:\Dev\Ronny\NDInsight\SINTRAN\XMSG\SRC\Xmsg.Live.Runner\topology-d19999.json
[runner] logging to E:\Dev\Ronny\NDInsight\SINTRAN\XMSG\SRC\Xmsg.Live.Runner\bin\Debug\net9.0\xmsg-d19999.log (level Info, max 2 MB, keep 3).
2026-08-07 16:25:24.678 | [runner] Xmsg.Live.Runner v1.1.0.0 built 2026-08-07 13:38:08
2026-08-07 16:25:24.724 | [runner] config folder: E:\Dev\Ronny\NDInsight\SINTRAN\XMSG\SRC\Xmsg.Live.Runner
2026-08-07 16:25:24.784 | [runner] config file:   E:\Dev\Ronny\NDInsight\SINTRAN\XMSG\SRC\Xmsg.Live.Runner\topology-d19999.json
2026-08-07 16:25:24.861 | [runner] log folder:    E:\Dev\Ronny\NDInsight\SINTRAN\XMSG\SRC\Xmsg.Live.Runner\bin\Debug\net9.0
2026-08-07 16:25:24.963 | [runner] log file:      E:\Dev\Ronny\NDInsight\SINTRAN\XMSG\SRC\Xmsg.Live.Runner\bin\Debug\net9.0\xmsg-d19999.log
2026-08-07 16:25:24.980 | [runner] path=seam connecting to 127.0.0.1:10364 as node 19999 for 420s
2026-08-07 16:25:24.997 | [fa] connection numbers 0x0442..0x0481 (state: E:\Dev\Ronny\NDInsight\SINTRAN\XMSG\SRC\Xmsg.Live.Runner\bin\Debug\net9.0\fa-connection.state)
2026-08-07 16:25:25.022 | [fa] file server ON as *FA-SERVER (logical port 4, wire port 0x0257)
2026-08-07 16:25:25.033 | [fa] serving folder: E:\Dev\Ronny\NDInsight\SINTRAN\XMSG\SRC\Xmsg.Live.Runner\bin\Debug\net9.0\served-files
2026-08-07 16:25:25.054 | [fa] files visible now: 4
2026-08-07 16:25:25.060 | [relay] listening on 10366 for the inbound bridge...
2026-08-07 16:25:27.083 | [relay] inbound bridge connected on 10366
2026-08-07 16:25:27.097 | [relay] outbound bridge connected to 127.0.0.1:10364
2026-08-07 16:25:27.116 | [relay] node 19999: inbound link on 10366 reaches [103], outbound to 127.0.0.1:10364 reaches [100]
2026-08-07 16:25:27.132 | [relay] SABM sent on both links; pumping...
2026-08-07 16:25:27.141 | [relay] inbound link Stopped -> Starting (LAPB establishing)
2026-08-07 16:25:27.150 | [relay] outbound link Stopped -> Starting (LAPB establishing)
2026-08-07 16:25:27.313 | [relay] outbound link Starting -> Active (LAPB connected)
2026-08-07 16:25:27.322 | [relay] announcing to outbound peer 100
2026-08-07 16:25:27.328 | [relay] inbound link Starting -> Active (LAPB connected)
2026-08-07 16:25:27.337 | [relay] announcing to inbound peer 103
2026-08-07 16:25:27.408 | [out RX] 100->19999 sub=23 f1=0xFFFF info=21FE00174E1F0064FFFFFFFD8F69
2026-08-07 16:25:27.421 | [in  RX] 103->19999 sub=23 f1=0xFFFF info=21FE00174E1F0067FFFFFFFD8F66
2026-08-07 16:25:27.433 | [out RX] 100->19999 sub=23 *** NO REPLY BUILT *** (this hangs the caller)
2026-08-07 16:25:27.444 | [in  RX] 103->19999 sub=23 *** NO REPLY BUILT *** (this hangs the caller)
