Session Log Started: 2026-08-21 20:45:31
Format: DecodedText
------------------------------------------------------------------------
[20:47:55.597] <<< <CR><LF>1998.08.21 06:20:50 <BEL>** XROUT: XMSG version L03 (87.11.26) started **<CR><LF>
[20:51:02.474] <<< <CR><LF>1998.08.21 06:21:12 <BEL>** XROUT: Link started, LUN 1362B **<CR><LF>
[20:55:20.627] <<< <CR><LF>***06.23.22 TERMINAL     49:<CR><LF>*** START COSMOS BASIC MODULE ***<CR><LF>
[21:41:21.697] <<< <CR><LF><CR><LF><BEL><BEL><BEL><BEL><BEL><CR>IF NO ACTIVITY ON THE TERMINAL, YOU WILL BE LOGGED OUT IN 5 MINUTES<BEL><BEL><BEL><BEL>  
[21:43:21.615] <<< <BEL><BEL><BEL><BEL><BEL><CR>IF NO ACTIVITY ON THE TERMINAL, YOU WILL BE LOGGED OUT IN 4 MINUTES<BEL><BEL><BEL><BEL>  
[21:45:21.536] <<< <BEL><BEL><BEL><BEL><BEL><CR>IF NO ACTIVITY ON THE TERMINAL, YOU WILL BE LOGGED OUT IN 3 MINUTES<BEL><BEL><BEL><BEL>  
[21:47:21.646] <<< <BEL><BEL><BEL><BEL><BEL><CR>IF NO ACTIVITY ON THE TERMINAL, YOU WILL BE LOGGED OUT IN 2 MINUTES<BEL><BEL><BEL><BEL>  
[21:49:21.460] <<< <BEL><BEL><BEL><BEL><BEL><CR>IF NO ACTIVITY ON THE TERMINAL, YOU WILL BE LOGGED OUT IN 1 MINUTE<BEL><BEL><BEL><BEL>  
[21:49:51.496] <<< <BEL><BEL>
[21:50:21.628] <<< <BEL><BEL>
[21:50:51.400] <<< <BEL><BEL>
[21:51:18.758] <<< <CR><LF> *** ABORTED BY SYSTEM ***<CR><LF> 06.49.35     21 AUGUST   1998
[21:51:19.588] <<< <CR><LF>--EXIT--<CR><LF>
[21:51:21.482] <<< <BEL><BEL>
[23:22:15.623] <<< <CR><LF>1998.08.21 07:35:02 <BEL>** XROUT: Link stopped, LUN 1362B **<CR><LF>
[23:22:37.566] <<< <CR><LF>1998.08.21 07:35:13 <BEL>** XROUT: Link started, LUN 1362B **<CR><LF>
[23:28:28.838] <<< <CR><LF>1998.08.21 07:38:08 <BEL>** XROUT: Link restarted, LUN 1362B **<CR><LF>
[23:30:18.736] <<< <CR><LF>1998.08.21 07:39:03 <BEL>** XROUT: Link restarted, LUN 1362B **<CR><LF>
[23:30:46.782] <<< <CR><LF>1998.08.21 07:39:17 <BEL>** XROUT: Link restarted, LUN 1362B **<CR><LF>
[23:32:42.768] <<< <CR><LF>1998.08.21 07:40:15 <BEL>** XROUT: Link restarted, LUN 1362B **<CR><LF>
[23:33:08.852] <<< <CR><LF>1998.08.21 07:40:29 <BEL>** XROUT: Link stopped, LUN 1362B **<CR><LF><CR><LF>1998.08.21 07:40:29 <BEL>** XROUT: XMSG stopped by STOP-XMSG 
[23:33:11.751] <<< in SINTRAN-SERVICE **<CR><LF><CR><LF> *** ERROR IN COSPO: <CR><LF> **** ABORTS, XMSG not running.<CR><LF>1998.08.21 07:40:31 <BEL>** XROUT: XMSG ver
[23:33:13.799] <<< sion L03 (87.11.26) started **<CR><LF><CR><LF><NUL> 07.40.32  AUGUST 21, 1998 ERROR 50 IN FSART AT  20474; USER ERROR<CR><LF>SUBERROR:   17215
[23:33:18.505] <<< <CR><LF><CR><LF>1998.08.21 07:40:33 <BEL>** XROUT: Link started, LUN 1362B **<CR><LF><CR><LF>***07.40.34 TERMINAL     37:<CR><LF>*** START COSMOS BASIC MO
[23:33:20.858] <<< DULE ***<CR><LF>
[23:38:18.765] <<< <CR><LF>1998.08.21 07:43:03 <BEL>** XROUT: Link restarted, LUN 1362B **<CR><LF>
[23:38:51.539] <<< <CR><LF><NUL> 07.43.21  AUGUST 21, 1998 ERROR 46 IN DUMMY AT  34360; XMSG FATAL ERROR - INTERNAL ERROR OR INCONSISTENCY<CR><LF>XMSG ERRO
[23:38:51.850] <<< R CODE:      27; PHYSICAL ADDRESS:  141204<CR><LF><CR><LF>1998.08.21 07:43:21 ** XROUT: New file created for dumping of XMSG to file
[23:38:55.748] <<< :<CR><LF>XMSGDUMP-A<CR><LF>1998.08.21 07:43:22 ** XROUT: New file created for dumping of XMSG to file:<CR><LF>XMSGDUMP-T<CR><LF>1998.08.21 07:43
[23:38:56.776] <<< :23 ** XROUT: New file created for dumping of XMSG to file:<CR><LF>XMSGDUMP-B<CR><LF>1998.08.21 07:43:24 ** XROUT: XMSG segments, tables and buffer dumped to files:<CR><LF>XMSGDUMP-A<CR><LF>XMSGDUMP-T<CR><LF>XMSGDUMP-B<CR><LF><CR><LF><NUL> 
[23:38:57.084] <<< 07.43.24  AUGUST 21, 1998 ERROR 53 IN XROUT AT  21661; USER ERROR<CR><LF>SUBERROR:      36<CR><LF>XMSG startup error: Not loaded correctly with RT loader<CR><LF><CR><LF> *** ERROR IN COSPO: 
[23:39:00.653] <<< <CR><LF> **** ABORTS, XMSG not running.
[23:39:02.668] <<< <CR><LF><NUL> 07.43.27  AUGUST 21, 1998 ERROR 50 IN FSART AT  20474; USER ERROR<CR><LF>SUBERROR:   17256<CR><LF><CR><LF>---- WARNING FROM TAD-ADMINISTRATOR (TADAD) ----<CR><LF>     X-message is not running! - I am now
[23:39:02.990] <<<  stopping.<CR><LF><CR><LF>1998.08.21 07:43:27 XMFIDO:  ABORTS, XMSG n
[23:39:06.855] <<< ot running.
[23:44:50.754] <<< <CR><LF>1998.08.21 07:46:19 <BEL>** XROUT: XMSG version L03 (87.11.26) started **<CR><LF><CR><LF>1998.08.21 07:46:20 <BEL>** XROUT: Link started, 
[23:44:56.935] <<< LUN 1362B **<CR><LF><CR><LF>***07.46.22 TERMINAL     37:<CR><LF>*** START COSMOS BASIC MODULE ***<CR><LF>
[23:47:42.936] <<< <CR><LF>1998.08.21 07:47:45 <BEL>** XROUT: Link restarted, LUN 1362B **<CR><LF>
[23:47:46.763] <<< <CR><LF>1998.08.21 07:47:47 <BEL>** XROUT: Link restarted, LUN 1362B **<CR><LF>
[23:49:38.695] <<< <CR><LF>1998.08.21 07:48:43 <BEL>** XROUT: Link restarted, LUN 1362B **<CR><LF>
[23:50:24.832] <<< <CR><LF>1998.08.21 07:49:06 <BEL>** XROUT: Link restarted, LUN 1362B **<CR><LF>
[23:57:42.872] <<< <CR><LF>1998.08.21 07:52:45 <BEL>** XROUT: Link restarted, LUN 1362B **<CR><LF>
[23:58:36.038] <<< <CR><LF><NUL> 07.53.13  AUGUST 21, 1998 ERROR 46 IN DUMMY AT  34360; XMSG FATAL ERROR - INTERNAL ERROR OR INCONSISTENCY<CR><LF>XMSG ERRO
[23:58:38.824] <<< R CODE:      27; PHYSICAL ADDRESS:  141204<CR><LF><CR><LF>1998.08.21 07:53:15 ** XROUT: XMSG segments, tables and buffer dumped to files:<CR><LF>XMSGDUMP-A<CR><LF>XMSGDUMP-T<CR><LF>XMSGDUMP-B<CR><LF><CR><LF><NUL> 07.53.15  AUGUST 21, 1998 ERROR 53 IN XROUT AT  21661; USER ERROR<CR><LF>SUBERR
[23:58:39.131] <<< OR:      36<CR><LF>XMSG startup error: Not loaded correctly with RT loader<CR><LF><CR><LF> *** ERROR IN COSPO: <CR><LF> **** ABORTS, XMSG not ru
[23:58:42.700] <<< nning.
[23:58:44.419] <<< <CR><LF><NUL> 07.53.17  AUGUST 21, 1998 ERROR 50 IN FSART AT  20474; USER ERROR<CR><LF>SUBERROR:   17256<CR><LF><CR><LF>---- WARNING FROM TAD-ADMINISTRATOR (TADAD) ----<CR><LF>     X-message is not running! - I am now stopping.<CR><LF><CR><LF>1998.08.21 07:53:17 XMFIDO:  ABORTS, XMSG n
[23:58:46.813] <<< ot running.
[00:11:38.328] <<< <CR><LF>1998.08.21 07:59:43 <BEL>** XROUT: XMSG version L03 (87.11.26) started **<CR><LF><CR><LF>1998.08.21 07:59:44 <BEL>** XROUT: Link started, 
[00:11:42.698] <<< LUN 1362B **<CR><LF><CR><LF>***07.59.45 TERMINAL     37:<CR><LF>*** START COSMOS BA
[00:11:42.983] <<< SIC MODULE ***<CR><LF>
[00:23:42.871] <<< <CR><LF>1998.08.21 08:05:45 <BEL>** XROUT: Link restarted, LUN 1362B **<CR><LF>
[00:28:47.572] <<< <CR><LF><NUL> 08.08.19  AUGUST 21, 1998 ERROR 46 IN DUMMY AT  34360; XMSG FATAL ERROR - INTERNAL ERROR OR INCONSISTENCY<CR><LF>XMSG ERRO
[00:28:49.977] <<< R CODE:      27; PHYSICAL ADDRESS:  141
[00:28:50.596] <<< 204<CR><LF><CR><LF>1998.08.21 08:08:20 ** XROUT: XMSG segments, tables and buffer dumped to f
[00:28:52.992] <<< iles:<CR><LF>XMSGDUMP-A<CR><LF>XMSGDUMP-T<CR><LF>XMSGDUMP-B<CR><LF><CR><LF> *** ERROR IN COSPO: <CR><LF> **** ABORTS, XMSG not running.
[00:28:56.100] <<< <CR><LF><NUL> 08.08.23  AUGUST 21, 1998 ERROR 50 IN FSART AT  20474; USER ERROR<CR><LF>SUBERROR:   17256<CR><LF><CR><LF>---- WARNING FROM TAD-ADMINISTRATOR (TADAD) ----<CR><LF>     X-message is not running! - I am now stopping.<CR><LF><CR><LF>1998.08.21 08:08:23 XMFIDO:  ABORTS, XMSG n
[00:28:59.135] <<< ot running.
[00:34:29.990] <<< <CR><LF>1998.08.21 08:11:09 <BEL>** XROUT: XMSG stopped by STOP-XMSG in SINTRAN-SERVICE **<CR><LF><CR><LF>1998.08.21 08:11:10 <BEL>** XROUT: XMSG 
[00:34:33.151] <<< version L03 (87.11.26) started **<CR><LF>
[00:34:36.076] <<< <CR><LF>1998.08.21 08:11:12 <BEL>** XROUT: Link started, LUN 1362B **<CR><LF><CR><LF>***08.11.13 TERMINAL     37:<CR><LF>*** START COSMOS BASIC MODU
[00:34:38.987] <<< LE ***<CR><LF>
[00:36:35.184] <<< <CR><LF>1998.08.21 08:12:11 <BEL>** XROUT: Link restarted, LUN 1362B **<CR><LF>
[00:43:00.089] <<< <CR><LF><NUL> 08.15.25  AUGUST 21, 1998 ERROR 46 IN DUMMY AT  34360; XMSG FATAL ERROR - INTERNAL ERROR OR INCONSISTENCY<CR><LF>XMSG ERRO
[00:43:02.784] <<< R CODE:      27; PHYSICAL ADDRESS:  141204<CR><LF><CR><LF>1998.08.21 08:15:27 ** XROUT: XMSG segments, tables and buffer dumped to f
[00:43:07.186] <<< iles:<CR><LF>XMSGDUMP-A<CR><LF>XMSGDUMP-T<CR><LF>XMSGDUMP-B<CR><LF><CR><LF> *** ERROR IN COSPO: <CR><LF> **** ABORTS, XMSG not running.
[00:43:08.158] <<< <CR><LF><NUL> 08.15.29  AUGUST 21, 1998 ERROR 50 IN FSART AT  20474; USER ERROR<CR><LF>SUBERROR:   17256<CR><LF><CR><LF>---- WARNING FROM TAD-ADMINISTRATOR (TADAD) ----<CR><LF>     X-message is not running! - I am now stopping.<CR><LF><CR><LF>1998.08.21 08:15:29 XMFIDO:  ABORTS, XMSG n
[00:43:11.057] <<< ot running.
[00:54:04.348] <<< <CR><LF>1998.08.21 08:20:57 <BEL>** XROUT: XMSG stopped by STOP-XMSG in SINTRAN-SERVICE **<CR><LF><CR><LF>1998.08.21 08:20:57 <BEL>** XROUT: 
[00:54:04.672] <<< XMSG 
[00:54:06.972] <<< version L03 (87.11.26) started **<CR><LF>
[00:54:09.993] <<< <CR><LF>1998.08.21 08:20:59 <BEL>** XROUT: Link started, LUN 1362B **<CR><LF><CR><LF>***08.21.00 TERMINAL     37:<CR><LF>*** START COSMOS BASIC MO
[00:54:10.315] <<< DU
[00:54:13.247] <<< LE ***<CR><LF>
[01:09:33.271] <<< <CR><LF>1998.08.21 08:28:40 <BEL>** XROUT: Link restarted, LUN 1362B **<CR><LF>
