[runner] topology loaded: self=19999, 4 node(s), file=topology-d19999.json
[runner] logging to E:\Dev\Ronny\NDInsight\SINTRAN\XMSG\SRC\Xmsg.Live.Runner\bin\Debug\net9.0\xmsg-d19999.log (level Info, max 2 MB, keep 3).
2026-08-17 04:09:29.114 | [runner] Xmsg.Live.Runner v1.1.0.0 built 2026-08-17 04:03:57
2026-08-17 04:09:29.167 | [runner] config folder: 
2026-08-17 04:09:29.189 | [runner] config file:   topology-d19999.json
2026-08-17 04:09:29.223 | [runner] log folder:    E:\Dev\Ronny\NDInsight\SINTRAN\XMSG\SRC\Xmsg.Live.Runner\bin\Debug\net9.0
2026-08-17 04:09:29.290 | [runner] log file:      E:\Dev\Ronny\NDInsight\SINTRAN\XMSG\SRC\Xmsg.Live.Runner\bin\Debug\net9.0\xmsg-d19999.log
2026-08-17 04:09:29.374 | [runner] path=seam connecting to 127.0.0.1:10364 as node 19999 for 3600s
2026-08-17 04:09:29.394 | [fa] connection numbers 0x00C2..0x0101 (state: E:\Dev\Ronny\NDInsight\SINTRAN\XMSG\SRC\Xmsg.Live.Runner\bin\Debug\net9.0\fa-connection.state)
2026-08-17 04:09:29.412 | [fa] file server ON as *FA-SERVER (logical port 4, wire port 0x0257)
2026-08-17 04:09:29.422 | [fa] serving folder: E:\Dev\Ronny\NDInsight\SINTRAN\XMSG\SRC\Xmsg.Live.Runner\bin\Debug\net9.0\served-files
2026-08-17 04:09:29.438 | [fa] files visible now: 7
2026-08-17 04:09:29.450 | [runner] joining COSMOS segment tcp:127.0.0.1:5010 as node 19999 (MAC 08:00:26:1F:4E:00), peer 100 (MAC 08:00:26:64:00:00)
2026-08-17 04:09:29.468 | [runner] datagram-sequence state file: E:\Dev\Ronny\NDInsight\SINTRAN\XMSG\SRC\Xmsg.Live.Runner\bin\Debug\net9.0\xmsg-sequence.state
2026-08-17 04:09:29.487 | [tad] 2 login account(s) loaded
2026-08-17 04:09:29.494 | [runner] link-seed state file: E:\Dev\Ronny\NDInsight\SINTRAN\XMSG\SRC\Xmsg.Live.Runner\bin\Debug\net9.0\xmsg-link-seed.state
2026-08-17 04:09:29.513 | [link] eth:d100 status Stopped -> Starting (backend started, awaiting peer)
2026-08-17 04:09:29.522 | [runner] waiting for node 100 to send us a frame (we cannot address it until it does)...
2026-08-17 04:09:34.309 | [sniff] node100 -> node19999  data seq=26 snd=1 rcv=42866 plen=64   <== ADDRESSED TO US
2026-08-17 04:09:34.322 | [sniff]   llc+nd : 0B0220001A0001A77200402113000E4E1F0064000700249030210086E44E1F0000006404EF00241B410014FF0A2A46412D534552564552FE0644313939393907E2000000106400A200FF00
2026-08-17 04:09:34.345 | [sniff]   frame  : 0800261F4E00080026640000004EA8A8030B0220001A0001A77200402113000E4E1F0064000700249030210086E44E1F0000006404EF00241B410014FF0A2A46412D534552564552FE0644313939393907E2000000106400A200FF00
2026-08-17 04:09:34.372 | [link] eth:d100 status Starting -> Active (peer learned)
2026-08-17 04:09:34.382 | [tx] node19999 -> node100  ack seq=27 snd=42866 rcv=1 plen=0
2026-08-17 04:09:34.391 | [tx]   llc+nd : 0B023F001BA77200010000
2026-08-17 04:09:34.401 | [announce] telling system 100 that our XMSG restarted, so it resets the datagram sequence it expects from us
2026-08-17 04:09:34.418 | [RX] 100->19999 sub=Data f1=0x0007 info=2113000E4E1F0064000700249030210086E44E1F0000006404EF00241B410014FF0A2A46412D534552564552FE0644313939393907E2000000106400A200FF00
2026-08-17 04:09:34.440 | [announce] --resync-hard: also zeroing OUR counter for 100. The next originated frame goes out at 0x0000 - if the peer accepts it, the peer resets on our announce; if it is dropped in silence, it does not.
2026-08-17 04:09:34.467 | [seq] node 100: link created, starting Flags1 0x0007 from the store (the frame that created it carried 0x0007)
2026-08-17 04:09:34.484 | [fa] connect letter from node 100 (system 100 port 0x04EF); serving E:\Dev\Ronny\NDInsight\SINTRAN\XMSG\SRC\Xmsg.Live.Runner\bin\Debug\net9.0\served-files; answering from session port 0x0211 with an FA ConnectionConfirm 07D2001000C26400
2026-08-17 04:09:34.515 | [seq] node 100: ORIGINATE at Flags1 0x0007 (next becomes 0x0008)
2026-08-17 04:09:34.524 | [tx] node19999 -> node100  data seq=0 snd=42866 rcv=1 plen=14
2026-08-17 04:09:34.533 | [tx]   llc+nd : 0B02200000A7720001000E2113000300644E1F00070001905E
2026-08-17 04:09:34.542 | [TX] *** PARKED *** eth:d100 took a 36B frame but the send window is full; 1 datagram(s) now waiting and NOTHING is leaving this node until the peer acknowledges us. 
2026-08-17 04:09:34.563 | [RX] 100->19999 sub=Data answered with 2 frame(s)
2026-08-17 04:09:34.569 | [TX] *** PARKED *** eth:d100 took a 14B frame but the send window is full; 2 datagram(s) now waiting and NOTHING is leaving this node until the peer acknowledges us. window 1, outstanding 1, peer placed us: False
2026-08-17 04:09:34.595 | [sniff] node100 -> node19999  ack seq=29 snd=1 rcv=42866 plen=0   <== ADDRESSED TO US
2026-08-17 04:09:34.607 | [seq] node 100: RESET to 0x0000 (was 0x0008); link KEPT
2026-08-17 04:09:34.615 | [sniff]   llc+nd : 0B023F001D0001A7720000
2026-08-17 04:09:34.621 | [announce] telling system 102 that our XMSG restarted, so it resets the datagram sequence it expects from us
2026-08-17 04:09:34.636 | [sniff]   frame  : 0800261F4E00080026640000000EA8A8030B023F001D0001A77200000001CF320005000800004400000000000001A410000000010001D0CE001C000E
2026-08-17 04:09:34.655 | [announce] --resync-hard: also zeroing OUR counter for 102. The next originated frame goes out at 0x0000 - if the peer accepts it, the peer resets on our announce; if it is dropped in silence, it does not.
2026-08-17 04:09:34.682 | [tx] node19999 -> node100  data seq=29 snd=42866 rcv=1 plen=14
2026-08-17 04:09:34.691 | [tx]   llc+nd : 0B0220001DA7720001000E2113000300644E1F00070001905E
2026-08-17 04:09:34.700 | [tx] node19999 -> node100  data seq=30 snd=42866 rcv=1 plen=36
2026-08-17 04:09:34.708 | [tx]   llc+nd : 0B0220001EA772000100242113000E00644E1F00070008904C21008284006404EF4E1F0211000807D2001000C26400
2026-08-17 04:09:34.723 | [tx] node19999 -> node100  data seq=31 snd=42866 rcv=1 plen=14
2026-08-17 04:09:34.734 | [tx]   llc+nd : 0B0220001FA7720001000E2113001900644E1FFFFF0001904F
2026-08-17 04:09:34.743 | [sniff] node100 -> node19999  ack seq=30 snd=1 rcv=42866 plen=0   <== ADDRESSED TO US
2026-08-17 04:09:34.755 | [sniff]   llc+nd : 0B023F001E0001A7720000
2026-08-17 04:09:34.761 | [tx] node19999 -> node100  data seq=32 snd=42866 rcv=1 plen=14
2026-08-17 04:09:34.769 | [sniff]   frame  : 0800261F4E00080026640000000EA8A8030B023F001E0001A77200000001CF3200000000000500200000340000000000000000004E1F0001A3D20100
2026-08-17 04:09:34.786 | [tx]   llc+nd : 0B02200020A7720001000E2113001900664E1FFFFF0001904D
2026-08-17 04:09:34.795 | [sniff] node100 -> node19999  ack seq=31 snd=1 rcv=42866 plen=0   <== ADDRESSED TO US
2026-08-17 04:09:34.818 | [seq] node 102: RESET to 0x0000 (was 0x0000); link KEPT
2026-08-17 04:09:34.827 | [sniff]   llc+nd : 0B023F001F0001A7720000
2026-08-17 04:09:34.832 | [runner] peer 100 heard after 5.3s; link is up
2026-08-17 04:09:34.839 | [sniff]   frame  : 0800261F4E00080026640000000EA8A8030B023F001F0001A77200000001CFE20005000800004400000000000001A410000000010001CFC6001C000E
2026-08-17 04:09:34.856 | [segment] data=1 acks=2 other-stations=0
2026-08-17 04:09:34.861 | [sniff] node100 -> node19999  data seq=27 snd=1 rcv=42866 plen=14   <== ADDRESSED TO US
2026-08-17 04:09:34.872 | [sniff]   llc+nd : 0B0220001B0001A772000E211300034E1F006400070001905E
2026-08-17 04:09:34.881 | [sniff]   frame  : 0800261F4E00080026640000001CA8A8030B0220001B0001A772000E211300034E1F006400070001905E210082844E1F0211006404EF0008078000C3
2026-08-17 04:09:34.898 | [tx] node19999 -> node100  ack seq=28 snd=42866 rcv=1 plen=0
2026-08-17 04:09:34.905 | [tx]   llc+nd : 0B023F001CA77200010000
2026-08-17 04:09:34.911 | [RX] 100->19999 sub=Ack f1=0x0007 info=211300034E1F006400070001905E
2026-08-17 04:09:34.920 | [seq] node 100: ACK 0x0007 PERSISTED next 0x0008 (was 0x0000)
2026-08-17 04:09:34.928 | [RX] 100->19999 sub=Ack (no reply expected)
2026-08-17 04:09:34.933 | [sniff] node100 -> node19999  data seq=28 snd=1 rcv=42866 plen=140   <== ADDRESSED TO US
2026-08-17 04:09:34.944 | [sniff]   llc+nd : 0B0220001C0001A772008C2113000E4E1F0064000800708FE3210082844E1F0211006404EF007007F000C280000001920002920001F20001A207D0F200028C06920001920001F20003BD42414B3032202053595354454DF200048C38B01053595354454D27000000000000000000E180B01000000000000000000000000000000000B01000000000000000000000000000000000F200FF
2026-08-17 04:09:34.982 | [sniff]   frame  : 0800261F4E00080026640000009AA8A8030B0220001C0001A772008C2113000E4E1F0064000800708FE3210082844E1F0211006404EF007007F000C280000001920002920001F20001A207D0F200028C06920001920001F20003BD42414B3032202053595354454DF200048C38B01053595354454D27000000000000000000E180B01000000000000000000000000000000000B01000000000000000000000000000000000F200FF
2026-08-17 04:09:35.025 | [tx] node19999 -> node100  ack seq=29 snd=42866 rcv=1 plen=0
2026-08-17 04:09:35.032 | [tx]   llc+nd : 0B023F001DA77200010000
2026-08-17 04:09:35.038 | [RX] 100->19999 sub=Data f1=0x0008 info=2113000E4E1F0064000800708FE3210082844E1F0211006404EF007007F000C280000001920002920001F20001A207D0F200028C06920001920001F20003BD42414B3032202053595354454DF200048C38B01053595354454D27000000000000000000E180B01000000000000000000000000000000000B01000000000000000000000000000000000F200FF
2026-08-17 04:09:35.080 | [fa] request ReserveFileEntry seq 1 from system 100: accepted
2026-08-17 04:09:35.089 | [seq] node 100: ORIGINATE at Flags1 0x0000 (next becomes 0x0001)
2026-08-17 04:09:35.099 | [fa] short acknowledgement 1 to system 100 at Flags1 0x0008
2026-08-17 04:09:35.108 | [seq] node 100: ORIGINATE at Flags1 0x0001 (next becomes 0x0002)
2026-08-17 04:09:35.117 | [fa] reply to system 100: 18 byte(s), FA body 07F0001080009081920002920001F200...
2026-08-17 04:09:35.128 | [tx] node19999 -> node100  data seq=33 snd=42866 rcv=1 plen=14
2026-08-17 04:09:35.136 | [tx]   llc+nd : 0B02200021A7720001000E2113000300644E1F00080001905D
2026-08-17 04:09:35.145 | [tx] node19999 -> node100  data seq=34 snd=42866 rcv=1 plen=36
2026-08-17 04:09:35.152 | [tx]   llc+nd : 0B02200022A772000100242113000E00644E1F00000008905321008284006404EF4E1F0211000807A200100100922A
2026-08-17 04:09:35.166 | [tx] node19999 -> node100  data seq=35 snd=42866 rcv=1 plen=46
2026-08-17 04:09:35.174 | [tx]   llc+nd : 0B02200023A7720001002E2113000E00644E1F00010012904821008284006404EF4E1F0211001207F0001080009081920002920001F200FF00
2026-08-17 04:09:35.189 | [RX] 100->19999 sub=Data answered with 3 frame(s)
2026-08-17 04:09:35.196 | [sniff] node100 -> node19999  ack seq=32 snd=1 rcv=42866 plen=0   <== ADDRESSED TO US
2026-08-17 04:09:35.206 | [sniff]   llc+nd : 0B023F00200001A7720000
2026-08-17 04:09:35.211 | [sniff]   frame  : 0800261F4E00080026640000000EA8A8030B023F00200001A77200000001D03A0005000800004400000000000001A410000000010001D01E001C000E
2026-08-17 04:09:35.228 | [sniff] node100 -> node19999  data seq=29 snd=1 rcv=42866 plen=14   <== ADDRESSED TO US
2026-08-17 04:09:35.238 | [sniff]   llc+nd : 0B0220001D0001A772000E211300134E1F0064FFFF00019055
2026-08-17 04:09:35.247 | [sniff]   frame  : 0800261F4E00080026640000001CA8A8030B0220001D0001A772000E211300134E1F0064FFFF00019055210082844E1F0211006404EF000807A20042
2026-08-17 04:09:35.265 | [tx] node19999 -> node100  ack seq=30 snd=42866 rcv=1 plen=0
2026-08-17 04:09:35.274 | [tx]   llc+nd : 0B023F001EA77200010000
2026-08-17 04:09:35.279 | [RX] 100->19999 sub=ReachabilityReply f1=0xFFFF info=211300134E1F0064FFFF00019055
2026-08-17 04:09:35.289 | [RX] 100->19999 sub=ReachabilityReply (no reply expected)
2026-08-17 04:09:35.296 | [sniff] node100 -> node19999  ack seq=33 snd=1 rcv=42866 plen=0   <== ADDRESSED TO US
2026-08-17 04:09:35.306 | [sniff]   llc+nd : 0B023F00210001A7720000
2026-08-17 04:09:35.315 | [sniff]   frame  : 0800261F4E00080026640000000EA8A8030B023F00210001A77200000001D0920005000800004400000000000001A410000000010001D076001C000E
2026-08-17 04:09:35.343 | [sniff] node100 -> node102  data seq=118 snd=51615 rcv=42837 plen=14
2026-08-17 04:09:35.352 | [sniff] node102 -> node100  ack seq=119 snd=42837 rcv=51615 plen=0
2026-08-17 04:09:35.362 | [sniff] node102 -> node19999  kind0x0F seq=117 snd=0 rcv=51633 plen=102   <== ADDRESSED TO US
2026-08-17 04:09:35.374 | [sniff]   llc+nd : 0B020F00750000C9B10066
2026-08-17 04:09:35.379 | [sniff]   frame  : 0800261F4E00080026660000000EA8A8030B020F00750000C9B100660001D03A0005000800004400000000000001A7F0000000010001D01E001C000E
2026-08-17 04:09:35.396 | [sniff] node100 -> node19999  data seq=27 snd=1 rcv=42866 plen=14   <== ADDRESSED TO US
2026-08-17 04:09:35.406 | [sniff]   llc+nd : 0B0220001B0001A772000E211300034E1F006400070001905E
2026-08-17 04:09:35.415 | [sniff]   frame  : 0800261F4E00080026640000001CA8A8030B0220001B0001A772000E211300034E1F006400070001905E210082844E1F0211006404EF0008078000C3
2026-08-17 04:09:35.432 | [link] WARNING the peer RE-SENT data frame seq=27 (we were waiting for 30). It has not seen our acknowledgement - check the send window and our own receive latency BEFORE looking for a fault in XMSG or the file server.
2026-08-17 04:09:35.459 | [tx] node19999 -> node100  ack seq=28 snd=42866 rcv=1 plen=0
2026-08-17 04:09:35.466 | [tx]   llc+nd : 0B023F001CA77200010000
2026-08-17 04:09:35.471 | [RX] 100->19999 sub=Ack f1=0x0007 info=211300034E1F006400070001905E
2026-08-17 04:09:35.479 | [seq] node 100: ACK 0x0007 PERSISTED next 0x0008 (was 0x0002)
2026-08-17 04:09:35.486 | [RX] 100->19999 sub=Ack (no reply expected)
2026-08-17 04:09:35.492 | [sniff] node100 -> node19999  data seq=28 snd=1 rcv=42866 plen=140   <== ADDRESSED TO US
2026-08-17 04:09:35.502 | [sniff]   llc+nd : 0B0220001C0001A772008C2113000E4E1F0064000800708FE3210082844E1F0211006404EF007007F000C280000001920002920001F20001A207D0F200028C06920001920001F20003BD42414B3032202053595354454DF200048C38B01053595354454D27000000000000000000E180B01000000000000000000000000000000000B01000000000000000000000000000000000F200FF
2026-08-17 04:09:35.538 | [sniff]   frame  : 0800261F4E00080026640000009AA8A8030B0220001C0001A772008C2113000E4E1F0064000800708FE3210082844E1F0211006404EF007007F000C280000001920002920001F20001A207D0F200028C06920001920001F20003BD42414B3032202053595354454DF200048C38B01053595354454D27000000000000000000E180B01000000000000000000000000000000000B01000000000000000000000000000000000F200FF
2026-08-17 04:09:35.580 | [link] WARNING the peer RE-SENT data frame seq=28 (we were waiting for 30). It has not seen our acknowledgement - check the send window and our own receive latency BEFORE looking for a fault in XMSG or the file server.
2026-08-17 04:09:35.605 | [tx] node19999 -> node100  ack seq=29 snd=42866 rcv=1 plen=0
2026-08-17 04:09:35.613 | [tx]   llc+nd : 0B023F001DA77200010000
2026-08-17 04:09:35.618 | [RX] 100->19999 sub=Data f1=0x0008 info=2113000E4E1F0064000800708FE3210082844E1F0211006404EF007007F000C280000001920002920001F20001A207D0F200028C06920001920001F20003BD42414B3032202053595354454DF200048C38B01053595354454D27000000000000000000E180B01000000000000000000000000000000000B01000000000000000000000000000000000F200FF
2026-08-17 04:09:35.655 | [fa] system 100 re-sent the request at datagram Flags 1 0x0008; replaying the same reply rather than building a new one
2026-08-17 04:09:35.670 | [seq] node 100: ORIGINATE at Flags1 0x0002 (next becomes 0x0003)
2026-08-17 04:09:35.678 | [fa] short acknowledgement 2 to system 100 at Flags1 0x0008
2026-08-17 04:09:35.686 | [seq] node 100: ORIGINATE at Flags1 0x0003 (next becomes 0x0004)
2026-08-17 04:09:35.694 | [fa] reply to system 100: 18 byte(s), FA body 07F0001080009081920002920001F200...
2026-08-17 04:09:35.703 | [tx] node19999 -> node100  data seq=36 snd=42866 rcv=1 plen=14
2026-08-17 04:09:35.711 | [tx]   llc+nd : 0B02200024A7720001000E2113000300644E1F00080001905D
2026-08-17 04:09:35.719 | [tx] node19999 -> node100  data seq=37 snd=42866 rcv=1 plen=36
2026-08-17 04:09:35.726 | [tx]   llc+nd : 0B02200025A772000100242113000E00644E1F00020008905121008284006404EF4E1F0211000807A200100200922A
2026-08-17 04:09:35.740 | [tx] node19999 -> node100  data seq=38 snd=42866 rcv=1 plen=46
2026-08-17 04:09:35.748 | [tx]   llc+nd : 0B02200026A7720001002E2113000E00644E1F00030012904621008284006404EF4E1F0211001207F0001080009081920002920001F200FF00
2026-08-17 04:09:35.764 | [RX] 100->19999 sub=Data answered with 3 frame(s)
2026-08-17 04:09:35.770 | [sniff] node100 -> node19999  data seq=29 snd=1 rcv=42866 plen=14   <== ADDRESSED TO US
2026-08-17 04:09:35.781 | [sniff]   llc+nd : 0B0220001D0001A772000E211300134E1F0064FFFF00019055
2026-08-17 04:09:35.790 | [sniff]   frame  : 0800261F4E00080026640000001CA8A8030B0220001D0001A772000E211300134E1F0064FFFF00019055210082844E1F0211006404EF000807A20042
2026-08-17 04:09:35.806 | [link] WARNING the peer RE-SENT data frame seq=29 (we were waiting for 30). It has not seen our acknowledgement - check the send window and our own receive latency BEFORE looking for a fault in XMSG or the file server.
2026-08-17 04:09:35.841 | [tx] node19999 -> node100  ack seq=30 snd=42866 rcv=1 plen=0
2026-08-17 04:09:35.852 | [tx]   llc+nd : 0B023F001EA77200010000
2026-08-17 04:09:35.857 | [RX] 100->19999 sub=ReachabilityReply f1=0xFFFF info=211300134E1F0064FFFF00019055
2026-08-17 04:09:35.867 | [RX] 100->19999 sub=ReachabilityReply (no reply expected)
2026-08-17 04:09:35.874 | [sniff] node102 -> node19999  kind0x0F seq=117 snd=0 rcv=51633 plen=102   <== ADDRESSED TO US
2026-08-17 04:09:35.884 | [sniff]   llc+nd : 0B020F00750000C9B10066
2026-08-17 04:09:35.890 | [sniff]   frame  : 0800261F4E00080026660000000EA8A8030B020F00750000C9B100660001D03A0005000800004400000000000001A7F0000000010001D01E001C000E
2026-08-17 04:09:35.907 | [sniff] node102 -> node19999  kind0x0F seq=117 snd=0 rcv=51633 plen=102   <== ADDRESSED TO US
2026-08-17 04:09:35.919 | [sniff]   llc+nd : 0B020F00750000C9B10066
2026-08-17 04:09:35.924 | [sniff]   frame  : 0800261F4E00080026660000000EA8A8030B020F00750000C9B100660001D03A0005000800004400000000000001A7F0000000010001D01E001C000E
2026-08-17 04:09:35.941 | [sniff] node100 -> node19999  data seq=29 snd=1 rcv=42866 plen=14   <== ADDRESSED TO US
2026-08-17 04:09:35.952 | [sniff]   llc+nd : 0B0220001D0001A772000E211300134E1F0064FFFF00019055
2026-08-17 04:09:35.961 | [sniff]   frame  : 0800261F4E00080026640000001CA8A8030B0220001D0001A772000E211300134E1F0064FFFF00019055210082844E1F0211006404EF000807A20042
2026-08-17 04:09:35.980 | [link] WARNING the peer RE-SENT data frame seq=29 (we were waiting for 30). It has not seen our acknowledgement - check the send window and our own receive latency BEFORE looking for a fault in XMSG or the file server.
2026-08-17 04:09:36.005 | [tx] node19999 -> node100  ack seq=30 snd=42866 rcv=1 plen=0
2026-08-17 04:09:36.013 | [tx]   llc+nd : 0B023F001EA77200010000
2026-08-17 04:09:36.017 | [RX] 100->19999 sub=ReachabilityReply f1=0xFFFF info=211300134E1F0064FFFF00019055
2026-08-17 04:09:36.027 | [RX] 100->19999 sub=ReachabilityReply (no reply expected)
2026-08-17 04:09:36.034 | [sniff] node100 -> node19999  ack seq=35 snd=1 rcv=42866 plen=0   <== ADDRESSED TO US
2026-08-17 04:09:36.044 | [sniff]   llc+nd : 0B023F00230001A7720000
2026-08-17 04:09:36.049 | [sniff]   frame  : 0800261F4E00080026640000000EA8A8030B023F00230001A77200000001CF320005000800004400000000000001A410000000010001D0CE001C000E
2026-08-17 04:09:36.068 | [sniff] node100 -> node19999  ack seq=36 snd=1 rcv=42866 plen=0   <== ADDRESSED TO US
2026-08-17 04:09:36.082 | [sniff]   llc+nd : 0B023F00240001A7720000
2026-08-17 04:09:36.088 | [sniff]   frame  : 0800261F4E00080026640000000EA8A8030B023F00240001A77200000001CF3200000000000500200000340000000000000000004E1F0001A3D20100
2026-08-17 04:09:36.111 | [sniff] node100 -> node19999  data seq=30 snd=1 rcv=42866 plen=14   <== ADDRESSED TO US
2026-08-17 04:09:36.124 | [sniff]   llc+nd : 0B0220001E0001A772000E211300034E1F0064000000019065
2026-08-17 04:09:36.135 | [sniff]   frame  : 0800261F4E00080026640000001CA8A8030B0220001E0001A772000E211300034E1F0064000000019065210082844E1F0211006404EF0008078000C3
2026-08-17 04:09:36.154 | [tx] node19999 -> node100  ack seq=31 snd=42866 rcv=1 plen=0
2026-08-17 04:09:36.162 | [tx]   llc+nd : 0B023F001FA77200010000
2026-08-17 04:09:36.168 | [RX] 100->19999 sub=Ack f1=0x0000 info=211300034E1F0064000000019065
2026-08-17 04:09:36.177 | [seq] node 100: ACK 0x0000 did NOT advance the store (still 0x0004)
2026-08-17 04:09:36.185 | [RX] 100->19999 sub=Ack (no reply expected)
2026-08-17 04:09:36.191 | [sniff] node100 -> node19999  data seq=31 snd=1 rcv=42866 plen=14   <== ADDRESSED TO US
2026-08-17 04:09:36.202 | [sniff]   llc+nd : 0B0220001F0001A772000E211300034E1F0064000100029063
2026-08-17 04:09:36.212 | [sniff]   frame  : 0800261F4E00080026640000001CA8A8030B0220001F0001A772000E211300034E1F0064000100029063210086E44E1F0000006404EF00241B410014
2026-08-17 04:09:36.229 | [tx] node19999 -> node100  ack seq=32 snd=42866 rcv=1 plen=0
2026-08-17 04:09:36.237 | [tx]   llc+nd : 0B023F0020A77200010000
2026-08-17 04:09:36.242 | [RX] 100->19999 sub=Ack f1=0x0001 info=211300034E1F0064000100029063
2026-08-17 04:09:36.250 | [seq] node 100: ACK 0x0001 did NOT advance the store (still 0x0004)
2026-08-17 04:09:36.259 | [RX] 100->19999 sub=Ack (no reply expected)
2026-08-17 04:09:36.264 | [sniff] node102 -> node19999  kind0x0F seq=117 snd=0 rcv=51633 plen=102   <== ADDRESSED TO US
2026-08-17 04:09:36.277 | [sniff]   llc+nd : 0B020F00750000C9B10066
2026-08-17 04:09:36.283 | [sniff]   frame  : 0800261F4E00080026660000000EA8A8030B020F00750000C9B100660001D03A0005000800004400000000000001A7F0000000010001D01E001C000E
2026-08-17 04:09:36.300 | [sniff] node100 -> node19999  data seq=29 snd=1 rcv=42866 plen=14   <== ADDRESSED TO US
2026-08-17 04:09:36.310 | [sniff]   llc+nd : 0B0220001D0001A772000E211300134E1F0064FFFF00019055
2026-08-17 04:09:36.318 | [sniff]   frame  : 0800261F4E00080026640000001CA8A8030B0220001D0001A772000E211300134E1F0064FFFF00019055210082844E1F0211006404EF000807A20042
2026-08-17 04:09:36.335 | [link] WARNING the peer RE-SENT data frame seq=29 (we were waiting for 32). It has not seen our acknowledgement - check the send window and our own receive latency BEFORE looking for a fault in XMSG or the file server.
2026-08-17 04:09:36.373 | [tx] node19999 -> node100  ack seq=30 snd=42866 rcv=1 plen=0
2026-08-17 04:09:36.380 | [tx]   llc+nd : 0B023F001EA77200010000
2026-08-17 04:09:36.385 | [RX] 100->19999 sub=ReachabilityReply f1=0xFFFF info=211300134E1F0064FFFF00019055
2026-08-17 04:09:36.395 | [RX] 100->19999 sub=ReachabilityReply (no reply expected)
2026-08-17 04:09:36.402 | [sniff] node100 -> node19999  data seq=30 snd=1 rcv=42866 plen=14   <== ADDRESSED TO US
2026-08-17 04:09:36.415 | [sniff]   llc+nd : 0B0220001E0001A772000E211300034E1F0064000000019065
2026-08-17 04:09:36.425 | [sniff]   frame  : 0800261F4E00080026640000001CA8A8030B0220001E0001A772000E211300034E1F0064000000019065210082844E1F0211006404EF0008078000C3
2026-08-17 04:09:36.444 | [link] WARNING the peer RE-SENT data frame seq=30 (we were waiting for 32). It has not seen our acknowledgement - check the send window and our own receive latency BEFORE looking for a fault in XMSG or the file server.
2026-08-17 04:09:36.472 | [tx] node19999 -> node100  ack seq=31 snd=42866 rcv=1 plen=0
2026-08-17 04:09:36.479 | [tx]   llc+nd : 0B023F001FA77200010000
2026-08-17 04:09:36.485 | [RX] 100->19999 sub=Ack f1=0x0000 info=211300034E1F0064000000019065
2026-08-17 04:09:36.494 | [seq] node 100: ACK 0x0000 did NOT advance the store (still 0x0004)
2026-08-17 04:09:36.502 | [RX] 100->19999 sub=Ack (no reply expected)
2026-08-17 04:09:36.509 | [sniff] node100 -> node19999  data seq=31 snd=1 rcv=42866 plen=14   <== ADDRESSED TO US
2026-08-17 04:09:36.520 | [sniff]   llc+nd : 0B0220001F0001A772000E211300034E1F0064000100029063
2026-08-17 04:09:36.528 | [sniff]   frame  : 0800261F4E00080026640000001CA8A8030B0220001F0001A772000E211300034E1F0064000100029063210086E44E1F0000006404EF00241B410014
2026-08-17 04:09:36.545 | [link] WARNING the peer RE-SENT data frame seq=31 (we were waiting for 32). It has not seen our acknowledgement - check the send window and our own receive latency BEFORE looking for a fault in XMSG or the file server.
2026-08-17 04:09:36.574 | [tx] node19999 -> node100  ack seq=32 snd=42866 rcv=1 plen=0
2026-08-17 04:09:36.582 | [tx]   llc+nd : 0B023F0020A77200010000
2026-08-17 04:09:36.588 | [RX] 100->19999 sub=Ack f1=0x0001 info=211300034E1F0064000100029063
2026-08-17 04:09:36.597 | [seq] node 100: ACK 0x0001 did NOT advance the store (still 0x0004)
2026-08-17 04:09:36.606 | [RX] 100->19999 sub=Ack (no reply expected)
2026-08-17 04:09:36.612 | [sniff] node102 -> node19999  kind0x0F seq=117 snd=0 rcv=51633 plen=102   <== ADDRESSED TO US
2026-08-17 04:09:36.624 | [sniff]   llc+nd : 0B020F00750000C9B10066
2026-08-17 04:09:36.629 | [sniff]   frame  : 0800261F4E00080026660000000EA8A8030B020F00750000C9B100660001D03A0005000800004400000000000001A7F0000000010001D01E001C000E
2026-08-17 04:09:36.647 | [sniff] node102 -> node19999  kind0x0F seq=117 snd=0 rcv=51633 plen=102   <== ADDRESSED TO US
2026-08-17 04:09:36.661 | [sniff]   llc+nd : 0B020F00750000C9B10066
2026-08-17 04:09:36.668 | [sniff]   frame  : 0800261F4E00080026660000000EA8A8030B020F00750000C9B100660001D03A0005000800004400000000000001A7F0000000010001D01E001C000E
2026-08-17 04:09:36.687 | [sniff] node100 -> node19999  data seq=30 snd=1 rcv=42866 plen=14   <== ADDRESSED TO US
2026-08-17 04:09:36.699 | [sniff]   llc+nd : 0B0220001E0001A772000E211300034E1F0064000000019065
2026-08-17 04:09:36.709 | [sniff]   frame  : 0800261F4E00080026640000001CA8A8030B0220001E0001A772000E211300034E1F0064000000019065210082844E1F0211006404EF0008078000C3
2026-08-17 04:09:36.728 | [link] WARNING the peer RE-SENT data frame seq=30 (we were waiting for 32). It has not seen our acknowledgement - check the send window and our own receive latency BEFORE looking for a fault in XMSG or the file server.
2026-08-17 04:09:36.754 | [tx] node19999 -> node100  ack seq=31 snd=42866 rcv=1 plen=0
2026-08-17 04:09:36.761 | [tx]   llc+nd : 0B023F001FA77200010000
2026-08-17 04:09:36.765 | [RX] 100->19999 sub=Ack f1=0x0000 info=211300034E1F0064000000019065
2026-08-17 04:09:36.774 | [seq] node 100: ACK 0x0000 did NOT advance the store (still 0x0004)
2026-08-17 04:09:36.782 | [RX] 100->19999 sub=Ack (no reply expected)
2026-08-17 04:09:36.787 | [sniff] node100 -> node19999  data seq=31 snd=1 rcv=42866 plen=14   <== ADDRESSED TO US
2026-08-17 04:09:36.798 | [sniff]   llc+nd : 0B0220001F0001A772000E211300034E1F0064000100029063
2026-08-17 04:09:36.807 | [sniff]   frame  : 0800261F4E00080026640000001CA8A8030B0220001F0001A772000E211300034E1F0064000100029063210086E44E1F0000006404EF00241B410014
2026-08-17 04:09:36.824 | [link] WARNING the peer RE-SENT data frame seq=31 (we were waiting for 32). It has not seen our acknowledgement - check the send window and our own receive latency BEFORE looking for a fault in XMSG or the file server.
2026-08-17 04:09:36.849 | [tx] node19999 -> node100  ack seq=32 snd=42866 rcv=1 plen=0
2026-08-17 04:09:36.863 | [tx]   llc+nd : 0B023F0020A77200010000
2026-08-17 04:09:36.872 | [RX] 100->19999 sub=Ack f1=0x0001 info=211300034E1F0064000100029063
2026-08-17 04:09:36.883 | [seq] node 100: ACK 0x0001 did NOT advance the store (still 0x0004)
2026-08-17 04:09:36.891 | [RX] 100->19999 sub=Ack (no reply expected)
2026-08-17 04:09:36.897 | [sniff] node102 -> node19999  kind0x0F seq=117 snd=0 rcv=51633 plen=102   <== ADDRESSED TO US
2026-08-17 04:09:36.908 | [sniff]   llc+nd : 0B020F00750000C9B10066
2026-08-17 04:09:36.913 | [sniff]   frame  : 0800261F4E00080026660000000EA8A8030B020F00750000C9B100660001D03A0005000800004400000000000001A7F0000000010001D01E001C000E
2026-08-17 04:09:36.929 | [sniff] node100 -> node19999  data seq=30 snd=1 rcv=42866 plen=14   <== ADDRESSED TO US
2026-08-17 04:09:36.939 | [sniff]   llc+nd : 0B0220001E0001A772000E211300034E1F0064000000019065
2026-08-17 04:09:36.947 | [sniff]   frame  : 0800261F4E00080026640000001CA8A8030B0220001E0001A772000E211300034E1F0064000000019065210082844E1F0211006404EF0008078000C3
2026-08-17 04:09:36.964 | [link] WARNING the peer RE-SENT data frame seq=30 (we were waiting for 32). It has not seen our acknowledgement - check the send window and our own receive latency BEFORE looking for a fault in XMSG or the file server.
2026-08-17 04:09:36.999 | [tx] node19999 -> node100  ack seq=31 snd=42866 rcv=1 plen=0
2026-08-17 04:09:37.006 | [tx]   llc+nd : 0B023F001FA77200010000
2026-08-17 04:09:37.011 | [RX] 100->19999 sub=Ack f1=0x0000 info=211300034E1F0064000000019065
2026-08-17 04:09:37.019 | [seq] node 100: ACK 0x0000 did NOT advance the store (still 0x0004)
2026-08-17 04:09:37.027 | [RX] 100->19999 sub=Ack (no reply expected)
2026-08-17 04:09:37.032 | [sniff] node100 -> node19999  data seq=31 snd=1 rcv=42866 plen=14   <== ADDRESSED TO US
2026-08-17 04:09:37.042 | [sniff]   llc+nd : 0B0220001F0001A772000E211300034E1F0064000100029063
2026-08-17 04:09:37.051 | [sniff]   frame  : 0800261F4E00080026640000001CA8A8030B0220001F0001A772000E211300034E1F0064000100029063210086E44E1F0000006404EF00241B410014
2026-08-17 04:09:37.067 | [link] WARNING the peer RE-SENT data frame seq=31 (we were waiting for 32). It has not seen our acknowledgement - check the send window and our own receive latency BEFORE looking for a fault in XMSG or the file server.
2026-08-17 04:09:37.092 | [tx] node19999 -> node100  ack seq=32 snd=42866 rcv=1 plen=0
2026-08-17 04:09:37.100 | [tx]   llc+nd : 0B023F0020A77200010000
2026-08-17 04:09:37.105 | [RX] 100->19999 sub=Ack f1=0x0001 info=211300034E1F0064000100029063
2026-08-17 04:09:37.114 | [seq] node 100: ACK 0x0001 did NOT advance the store (still 0x0004)
2026-08-17 04:09:37.122 | [RX] 100->19999 sub=Ack (no reply expected)
2026-08-17 04:09:37.127 | [sniff] node100 -> node19999  ack seq=37 snd=1 rcv=42866 plen=0   <== ADDRESSED TO US
2026-08-17 04:09:37.137 | [sniff]   llc+nd : 0B023F00250001A7720000
2026-08-17 04:09:37.142 | [sniff]   frame  : 0800261F4E00080026640000000EA8A8030B023F00250001A77200000001CFE20005000800004400000000000001A410000000010001CFC6001C000E
2026-08-17 04:09:37.159 | [sniff] node100 -> node19999  ack seq=38 snd=1 rcv=42866 plen=0   <== ADDRESSED TO US
2026-08-17 04:09:37.168 | [sniff]   llc+nd : 0B023F00260001A7720000
2026-08-17 04:09:37.173 | [sniff]   frame  : 0800261F4E00080026640000000EA8A8030B023F00260001A77200000001D03A0005000800004400000000000001A410000000010001D01E001C000E
2026-08-17 04:09:37.189 | [sniff] node100 -> node19999  data seq=32 snd=1 rcv=42866 plen=14   <== ADDRESSED TO US
2026-08-17 04:09:37.199 | [sniff]   llc+nd : 0B022000200001A772000E211300034E1F0064000200039061
2026-08-17 04:09:37.208 | [sniff]   frame  : 0800261F4E00080026640000001CA8A8030B022000200001A772000E211300034E1F0064000200039061210082840066000000640624006401440060
2026-08-17 04:09:37.225 | [tx] node19999 -> node100  ack seq=33 snd=42866 rcv=1 plen=0
2026-08-17 04:09:37.232 | [tx]   llc+nd : 0B023F0021A77200010000
2026-08-17 04:09:37.237 | [RX] 100->19999 sub=Ack f1=0x0002 info=211300034E1F0064000200039061
2026-08-17 04:09:37.246 | [seq] node 100: ACK 0x0002 did NOT advance the store (still 0x0004)
2026-08-17 04:09:37.255 | [RX] 100->19999 sub=Ack (no reply expected)
2026-08-17 04:09:37.261 | [sniff] node100 -> node19999  ack seq=39 snd=1 rcv=42866 plen=0   <== ADDRESSED TO US
2026-08-17 04:09:37.274 | [sniff]   llc+nd : 0B023F00270001A7720000
2026-08-17 04:09:37.279 | [sniff]   frame  : 0800261F4E00080026640000000EA8A8030B023F00270001A77200000001D0920005000800004400000000000001A410000000010001D076001C000E
2026-08-17 04:09:37.297 | [sniff] node100 -> node19999  data seq=33 snd=1 rcv=42866 plen=14   <== ADDRESSED TO US
2026-08-17 04:09:37.308 | [sniff]   llc+nd : 0B022000210001A772000E211300034E1F006400030004905F
2026-08-17 04:09:37.317 | [sniff]   frame  : 0800261F4E00080026640000001CA8A8030B022000210001A772000E211300034E1F006400030004905F210082840066045F006407CE000807A20002
2026-08-17 04:09:37.335 | [tx] node19999 -> node100  ack seq=34 snd=42866 rcv=1 plen=0
2026-08-17 04:09:37.342 | [tx]   llc+nd : 0B023F0022A77200010000
2026-08-17 04:09:37.348 | [RX] 100->19999 sub=Ack f1=0x0003 info=211300034E1F006400030004905F
2026-08-17 04:09:37.356 | [seq] node 100: ACK 0x0003 did NOT advance the store (still 0x0004)
2026-08-17 04:09:37.366 | [RX] 100->19999 sub=Ack (no reply expected)
2026-08-17 04:09:37.375 | [sniff] node102 -> node19999  kind0x0F seq=117 snd=0 rcv=51633 plen=102   <== ADDRESSED TO US
2026-08-17 04:09:37.396 | [sniff]   llc+nd : 0B020F00750000C9B10066
2026-08-17 04:09:37.401 | [sniff]   frame  : 0800261F4E00080026660000000EA8A8030B020F00750000C9B100660001D03A0005000800004400000000000001A7F0000000010001D01E001C000E
2026-08-17 04:09:37.419 | [sniff] node100 -> node19999  data seq=30 snd=1 rcv=42866 plen=14   <== ADDRESSED TO US
2026-08-17 04:09:37.430 | [sniff]   llc+nd : 0B0220001E0001A772000E211300034E1F0064000000019065
2026-08-17 04:09:37.440 | [sniff]   frame  : 0800261F4E00080026640000001CA8A8030B0220001E0001A772000E211300034E1F0064000000019065210082844E1F0211006404EF0008078000C3
2026-08-17 04:09:37.460 | [link] WARNING the peer RE-SENT data frame seq=30 (we were waiting for 34). It has not seen our acknowledgement - check the send window and our own receive latency BEFORE looking for a fault in XMSG or the file server.
2026-08-17 04:09:37.488 | [tx] node19999 -> node100  ack seq=31 snd=42866 rcv=1 plen=0
2026-08-17 04:09:37.496 | [tx]   llc+nd : 0B023F001FA77200010000
2026-08-17 04:09:37.501 | [RX] 100->19999 sub=Ack f1=0x0000 info=211300034E1F0064000000019065
2026-08-17 04:09:37.509 | [seq] node 100: ACK 0x0000 did NOT advance the store (still 0x0004)
2026-08-17 04:09:37.518 | [RX] 100->19999 sub=Ack (no reply expected)
2026-08-17 04:09:37.523 | [sniff] node100 -> node19999  data seq=31 snd=1 rcv=42866 plen=14   <== ADDRESSED TO US
2026-08-17 04:09:37.533 | [sniff]   llc+nd : 0B0220001F0001A772000E211300034E1F0064000100029063
2026-08-17 04:09:37.542 | [sniff]   frame  : 0800261F4E00080026640000001CA8A8030B0220001F0001A772000E211300034E1F0064000100029063210086E44E1F0000006404EF00241B410014
2026-08-17 04:09:37.558 | [link] WARNING the peer RE-SENT data frame seq=31 (we were waiting for 34). It has not seen our acknowledgement - check the send window and our own receive latency BEFORE looking for a fault in XMSG or the file server.
2026-08-17 04:09:37.585 | [tx] node19999 -> node100  ack seq=32 snd=42866 rcv=1 plen=0
2026-08-17 04:09:37.593 | [tx]   llc+nd : 0B023F0020A77200010000
2026-08-17 04:09:37.598 | [RX] 100->19999 sub=Ack f1=0x0001 info=211300034E1F0064000100029063
2026-08-17 04:09:37.606 | [seq] node 100: ACK 0x0001 did NOT advance the store (still 0x0004)
2026-08-17 04:09:37.614 | [RX] 100->19999 sub=Ack (no reply expected)
2026-08-17 04:09:37.619 | [sniff] node100 -> node19999  data seq=32 snd=1 rcv=42866 plen=14   <== ADDRESSED TO US
2026-08-17 04:09:37.630 | [sniff]   llc+nd : 0B022000200001A772000E211300034E1F0064000200039061
2026-08-17 04:09:37.638 | [sniff]   frame  : 0800261F4E00080026640000001CA8A8030B022000200001A772000E211300034E1F0064000200039061210082840066000000640624006401440060
2026-08-17 04:09:37.654 | [link] WARNING the peer RE-SENT data frame seq=32 (we were waiting for 34). It has not seen our acknowledgement - check the send window and our own receive latency BEFORE looking for a fault in XMSG or the file server.
2026-08-17 04:09:37.680 | [tx] node19999 -> node100  ack seq=33 snd=42866 rcv=1 plen=0
2026-08-17 04:09:37.687 | [tx]   llc+nd : 0B023F0021A77200010000
2026-08-17 04:09:37.692 | [RX] 100->19999 sub=Ack f1=0x0002 info=211300034E1F0064000200039061
2026-08-17 04:09:37.700 | [seq] node 100: ACK 0x0002 did NOT advance the store (still 0x0004)
2026-08-17 04:09:37.708 | [RX] 100->19999 sub=Ack (no reply expected)
2026-08-17 04:09:37.713 | [sniff] node100 -> node19999  data seq=33 snd=1 rcv=42866 plen=14   <== ADDRESSED TO US
2026-08-17 04:09:37.723 | [sniff]   llc+nd : 0B022000210001A772000E211300034E1F006400030004905F
2026-08-17 04:09:37.731 | [sniff]   frame  : 0800261F4E00080026640000001CA8A8030B022000210001A772000E211300034E1F006400030004905F210082840066045F006407CE000807A20002
2026-08-17 04:09:37.748 | [link] WARNING the peer RE-SENT data frame seq=33 (we were waiting for 34). It has not seen our acknowledgement - check the send window and our own receive latency BEFORE looking for a fault in XMSG or the file server.
2026-08-17 04:09:37.774 | [tx] node19999 -> node100  ack seq=34 snd=42866 rcv=1 plen=0
2026-08-17 04:09:37.781 | [tx]   llc+nd : 0B023F0022A77200010000
2026-08-17 04:09:37.786 | [RX] 100->19999 sub=Ack f1=0x0003 info=211300034E1F006400030004905F
2026-08-17 04:09:37.794 | [seq] node 100: ACK 0x0003 did NOT advance the store (still 0x0004)
2026-08-17 04:09:37.803 | [RX] 100->19999 sub=Ack (no reply expected)
2026-08-17 04:09:37.808 | [sniff] node102 -> node19999  kind0x0F seq=117 snd=0 rcv=51633 plen=102   <== ADDRESSED TO US
2026-08-17 04:09:37.820 | [sniff]   llc+nd : 0B020F00750000C9B10066
2026-08-17 04:09:37.826 | [sniff]   frame  : 0800261F4E00080026660000000EA8A8030B020F00750000C9B100660001D03A0005000800004400000000000001A7F0000000010001D01E001C000E
2026-08-17 04:09:37.842 | [sniff] node100 -> node19999  data seq=30 snd=1 rcv=42866 plen=14   <== ADDRESSED TO US
2026-08-17 04:09:37.853 | [sniff]   llc+nd : 0B0220001E0001A772000E211300034E1F0064000000019065
2026-08-17 04:09:37.861 | [sniff]   frame  : 0800261F4E00080026640000001CA8A8030B0220001E0001A772000E211300034E1F0064000000019065210082844E1F0211006404EF0008078000C3
2026-08-17 04:09:37.879 | [link] WARNING the peer RE-SENT data frame seq=30 (we were waiting for 34). It has not seen our acknowledgement - check the send window and our own receive latency BEFORE looking for a fault in XMSG or the file server.
2026-08-17 04:09:37.920 | [tx] node19999 -> node100  ack seq=31 snd=42866 rcv=1 plen=0
2026-08-17 04:09:37.928 | [tx]   llc+nd : 0B023F001FA77200010000
2026-08-17 04:09:37.933 | [RX] 100->19999 sub=Ack f1=0x0000 info=211300034E1F0064000000019065
2026-08-17 04:09:37.942 | [seq] node 100: ACK 0x0000 did NOT advance the store (still 0x0004)
2026-08-17 04:09:37.951 | [RX] 100->19999 sub=Ack (no reply expected)
2026-08-17 04:09:37.957 | [sniff] node100 -> node19999  data seq=31 snd=1 rcv=42866 plen=14   <== ADDRESSED TO US
2026-08-17 04:09:37.967 | [sniff]   llc+nd : 0B0220001F0001A772000E211300034E1F0064000100029063
2026-08-17 04:09:37.976 | [sniff]   frame  : 0800261F4E00080026640000001CA8A8030B0220001F0001A772000E211300034E1F0064000100029063210086E44E1F0000006404EF00241B410014
2026-08-17 04:09:37.993 | [link] WARNING the peer RE-SENT data frame seq=31 (we were waiting for 34). It has not seen our acknowledgement - check the send window and our own receive latency BEFORE looking for a fault in XMSG or the file server.
2026-08-17 04:09:38.019 | [tx] node19999 -> node100  ack seq=32 snd=42866 rcv=1 plen=0
2026-08-17 04:09:38.027 | [tx]   llc+nd : 0B023F0020A77200010000
2026-08-17 04:09:38.032 | [RX] 100->19999 sub=Ack f1=0x0001 info=211300034E1F0064000100029063
2026-08-17 04:09:38.040 | [seq] node 100: ACK 0x0001 did NOT advance the store (still 0x0004)
2026-08-17 04:09:38.049 | [RX] 100->19999 sub=Ack (no reply expected)
2026-08-17 04:09:38.054 | [sniff] node100 -> node19999  data seq=32 snd=1 rcv=42866 plen=14   <== ADDRESSED TO US
2026-08-17 04:09:38.065 | [sniff]   llc+nd : 0B022000200001A772000E211300034E1F0064000200039061
2026-08-17 04:09:38.074 | [sniff]   frame  : 0800261F4E00080026640000001CA8A8030B022000200001A772000E211300034E1F0064000200039061210082840066000000640624006401440060
2026-08-17 04:09:38.093 | [link] WARNING the peer RE-SENT data frame seq=32 (we were waiting for 34). It has not seen our acknowledgement - check the send window and our own receive latency BEFORE looking for a fault in XMSG or the file server.
2026-08-17 04:09:38.123 | [tx] node19999 -> node100  ack seq=33 snd=42866 rcv=1 plen=0
2026-08-17 04:09:38.131 | [tx]   llc+nd : 0B023F0021A77200010000
2026-08-17 04:09:38.136 | [RX] 100->19999 sub=Ack f1=0x0002 info=211300034E1F0064000200039061
2026-08-17 04:09:38.146 | [seq] node 100: ACK 0x0002 did NOT advance the store (still 0x0004)
2026-08-17 04:09:38.154 | [RX] 100->19999 sub=Ack (no reply expected)
2026-08-17 04:09:38.161 | [sniff] node100 -> node19999  data seq=33 snd=1 rcv=42866 plen=14   <== ADDRESSED TO US
2026-08-17 04:09:38.172 | [sniff]   llc+nd : 0B022000210001A772000E211300034E1F006400030004905F
2026-08-17 04:09:38.181 | [sniff]   frame  : 0800261F4E00080026640000001CA8A8030B022000210001A772000E211300034E1F006400030004905F210082840066045F006407CE000807A20002
2026-08-17 04:09:38.198 | [link] WARNING the peer RE-SENT data frame seq=33 (we were waiting for 34). It has not seen our acknowledgement - check the send window and our own receive latency BEFORE looking for a fault in XMSG or the file server.
2026-08-17 04:09:38.225 | [tx] node19999 -> node100  ack seq=34 snd=42866 rcv=1 plen=0
2026-08-17 04:09:38.232 | [tx]   llc+nd : 0B023F0022A77200010000
2026-08-17 04:09:38.237 | [RX] 100->19999 sub=Ack f1=0x0003 info=211300034E1F006400030004905F
2026-08-17 04:09:38.246 | [seq] node 100: ACK 0x0003 did NOT advance the store (still 0x0004)
2026-08-17 04:09:38.254 | [RX] 100->19999 sub=Ack (no reply expected)
2026-08-17 04:09:38.260 | [sniff] node102 -> node19999  kind0x0F seq=117 snd=0 rcv=51633 plen=102   <== ADDRESSED TO US
2026-08-17 04:09:38.272 | [sniff]   llc+nd : 0B020F00750000C9B10066
2026-08-17 04:09:38.278 | [sniff]   frame  : 0800261F4E00080026660000000EA8A8030B020F00750000C9B100660001D03A0005000800004400000000000001A7F0000000010001D01E001C000E
2026-08-17 04:09:38.295 | [sniff] node100 -> node19999  data seq=31 snd=1 rcv=42866 plen=14   <== ADDRESSED TO US
2026-08-17 04:09:38.306 | [sniff]   llc+nd : 0B0220001F0001A772000E211300034E1F0064000100029063
2026-08-17 04:09:38.316 | [sniff]   frame  : 0800261F4E00080026640000001CA8A8030B0220001F0001A772000E211300034E1F0064000100029063210086E44E1F0000006404EF00241B410014
2026-08-17 04:09:38.334 | [link] WARNING the peer RE-SENT data frame seq=31 (we were waiting for 34). It has not seen our acknowledgement - check the send window and our own receive latency BEFORE looking for a fault in XMSG or the file server.
2026-08-17 04:09:38.365 | [tx] node19999 -> node100  ack seq=32 snd=42866 rcv=1 plen=0
2026-08-17 04:09:38.376 | [tx]   llc+nd : 0B023F0020A77200010000
2026-08-17 04:09:38.382 | [RX] 100->19999 sub=Ack f1=0x0001 info=211300034E1F0064000100029063
2026-08-17 04:09:38.393 | [seq] node 100: ACK 0x0001 did NOT advance the store (still 0x0004)
2026-08-17 04:09:38.407 | [RX] 100->19999 sub=Ack (no reply expected)
2026-08-17 04:09:38.420 | [sniff] node100 -> node19999  data seq=32 snd=1 rcv=42866 plen=14   <== ADDRESSED TO US
2026-08-17 04:09:38.436 | [sniff]   llc+nd : 0B022000200001A772000E211300034E1F0064000200039061
2026-08-17 04:09:38.445 | [sniff]   frame  : 0800261F4E00080026640000001CA8A8030B022000200001A772000E211300034E1F0064000200039061210082840066000000640624006401440060
2026-08-17 04:09:38.466 | [link] WARNING the peer RE-SENT data frame seq=32 (we were waiting for 34). It has not seen our acknowledgement - check the send window and our own receive latency BEFORE looking for a fault in XMSG or the file server.
2026-08-17 04:09:38.495 | [tx] node19999 -> node100  ack seq=33 snd=42866 rcv=1 plen=0
2026-08-17 04:09:38.502 | [tx]   llc+nd : 0B023F0021A77200010000
2026-08-17 04:09:38.507 | [RX] 100->19999 sub=Ack f1=0x0002 info=211300034E1F0064000200039061
2026-08-17 04:09:38.516 | [seq] node 100: ACK 0x0002 did NOT advance the store (still 0x0004)
2026-08-17 04:09:38.525 | [RX] 100->19999 sub=Ack (no reply expected)
2026-08-17 04:09:38.531 | [sniff] node102 -> node19999  kind0x0F seq=117 snd=0 rcv=51633 plen=102   <== ADDRESSED TO US
2026-08-17 04:09:38.543 | [sniff]   llc+nd : 0B020F00750000C9B10066
2026-08-17 04:09:38.549 | [sniff]   frame  : 0800261F4E00080026660000000EA8A8030B020F00750000C9B100660001D03A0005000800004400000000000001A7F0000000010001D01E001C000E
2026-08-17 04:09:38.566 | [sniff] node100 -> node19999  data seq=33 snd=1 rcv=42866 plen=14   <== ADDRESSED TO US
2026-08-17 04:09:38.576 | [sniff]   llc+nd : 0B022000210001A772000E211300034E1F006400030004905F
2026-08-17 04:09:38.585 | [sniff]   frame  : 0800261F4E00080026640000001CA8A8030B022000210001A772000E211300034E1F006400030004905F210082840066045F006407CE000807A20002
2026-08-17 04:09:38.601 | [link] WARNING the peer RE-SENT data frame seq=33 (we were waiting for 34). It has not seen our acknowledgement - check the send window and our own receive latency BEFORE looking for a fault in XMSG or the file server.
2026-08-17 04:09:38.631 | [tx] node19999 -> node100  ack seq=34 snd=42866 rcv=1 plen=0
2026-08-17 04:09:38.638 | [tx]   llc+nd : 0B023F0022A77200010000
2026-08-17 04:09:38.642 | [RX] 100->19999 sub=Ack f1=0x0003 info=211300034E1F006400030004905F
2026-08-17 04:09:38.651 | [seq] node 100: ACK 0x0003 did NOT advance the store (still 0x0004)
2026-08-17 04:09:38.660 | [RX] 100->19999 sub=Ack (no reply expected)
2026-08-17 04:09:38.666 | [sniff] node100 -> node19999  data seq=32 snd=1 rcv=42866 plen=14   <== ADDRESSED TO US
2026-08-17 04:09:38.676 | [sniff]   llc+nd : 0B022000200001A772000E211300034E1F0064000200039061
2026-08-17 04:09:38.685 | [sniff]   frame  : 0800261F4E00080026640000001CA8A8030B022000200001A772000E211300034E1F0064000200039061210082840066000000640624006401440060
2026-08-17 04:09:38.703 | [link] WARNING the peer RE-SENT data frame seq=32 (we were waiting for 34). It has not seen our acknowledgement - check the send window and our own receive latency BEFORE looking for a fault in XMSG or the file server.
2026-08-17 04:09:38.730 | [tx] node19999 -> node100  ack seq=33 snd=42866 rcv=1 plen=0
2026-08-17 04:09:38.738 | [tx]   llc+nd : 0B023F0021A77200010000
2026-08-17 04:09:38.743 | [RX] 100->19999 sub=Ack f1=0x0002 info=211300034E1F0064000200039061
2026-08-17 04:09:38.752 | [seq] node 100: ACK 0x0002 did NOT advance the store (still 0x0004)
2026-08-17 04:09:38.760 | [RX] 100->19999 sub=Ack (no reply expected)
2026-08-17 04:09:38.766 | [sniff] node100 -> node19999  data seq=33 snd=1 rcv=42866 plen=14   <== ADDRESSED TO US
2026-08-17 04:09:38.776 | [sniff]   llc+nd : 0B022000210001A772000E211300034E1F006400030004905F
2026-08-17 04:09:38.785 | [sniff]   frame  : 0800261F4E00080026640000001CA8A8030B022000210001A772000E211300034E1F006400030004905F210082840066045F006407CE000807A20002
2026-08-17 04:09:38.800 | [link] WARNING the peer RE-SENT data frame seq=33 (we were waiting for 34). It has not seen our acknowledgement - check the send window and our own receive latency BEFORE looking for a fault in XMSG or the file server.
2026-08-17 04:09:38.825 | [tx] node19999 -> node100  ack seq=34 snd=42866 rcv=1 plen=0
2026-08-17 04:09:38.832 | [tx]   llc+nd : 0B023F0022A77200010000
2026-08-17 04:09:38.837 | [RX] 100->19999 sub=Ack f1=0x0003 info=211300034E1F006400030004905F
2026-08-17 04:09:38.846 | [seq] node 100: ACK 0x0003 did NOT advance the store (still 0x0004)
2026-08-17 04:09:38.854 | [RX] 100->19999 sub=Ack (no reply expected)
2026-08-17 04:09:38.860 | [sniff] node100 -> node19999  data seq=32 snd=1 rcv=42866 plen=14   <== ADDRESSED TO US
2026-08-17 04:09:38.870 | [sniff]   llc+nd : 0B022000200001A772000E211300034E1F0064000200039061
2026-08-17 04:09:38.879 | [sniff]   frame  : 0800261F4E00080026640000001CA8A8030B022000200001A772000E211300034E1F0064000200039061210082840066000000640624006401440060
2026-08-17 04:09:38.895 | [link] WARNING the peer RE-SENT data frame seq=32 (we were waiting for 34). It has not seen our acknowledgement - check the send window and our own receive latency BEFORE looking for a fault in XMSG or the file server.
2026-08-17 04:09:38.927 | [tx] node19999 -> node100  ack seq=33 snd=42866 rcv=1 plen=0
2026-08-17 04:09:38.941 | [tx]   llc+nd : 0B023F0021A77200010000
2026-08-17 04:09:38.946 | [RX] 100->19999 sub=Ack f1=0x0002 info=211300034E1F0064000200039061
2026-08-17 04:09:38.954 | [seq] node 100: ACK 0x0002 did NOT advance the store (still 0x0004)
2026-08-17 04:09:38.962 | [RX] 100->19999 sub=Ack (no reply expected)
2026-08-17 04:09:38.967 | [sniff] node100 -> node19999  data seq=33 snd=1 rcv=42866 plen=14   <== ADDRESSED TO US
2026-08-17 04:09:38.978 | [sniff]   llc+nd : 0B022000210001A772000E211300034E1F006400030004905F
2026-08-17 04:09:38.986 | [sniff]   frame  : 0800261F4E00080026640000001CA8A8030B022000210001A772000E211300034E1F006400030004905F210082840066045F006407CE000807A20002
2026-08-17 04:09:39.003 | [link] WARNING the peer RE-SENT data frame seq=33 (we were waiting for 34). It has not seen our acknowledgement - check the send window and our own receive latency BEFORE looking for a fault in XMSG or the file server.
2026-08-17 04:09:39.028 | [tx] node19999 -> node100  ack seq=34 snd=42866 rcv=1 plen=0
2026-08-17 04:09:39.036 | [tx]   llc+nd : 0B023F0022A77200010000
2026-08-17 04:09:39.041 | [RX] 100->19999 sub=Ack f1=0x0003 info=211300034E1F006400030004905F
2026-08-17 04:09:39.049 | [seq] node 100: ACK 0x0003 did NOT advance the store (still 0x0004)
2026-08-17 04:09:39.057 | [RX] 100->19999 sub=Ack (no reply expected)
2026-08-17 04:09:39.063 | [sniff] node100 -> node19999  data seq=32 snd=1 rcv=42866 plen=14   <== ADDRESSED TO US
2026-08-17 04:09:39.073 | [sniff]   llc+nd : 0B022000200001A772000E211300034E1F0064000200039061
2026-08-17 04:09:39.081 | [sniff]   frame  : 0800261F4E00080026640000001CA8A8030B022000200001A772000E211300034E1F0064000200039061210082840066000000640624006401440060
2026-08-17 04:09:39.099 | [link] WARNING the peer RE-SENT data frame seq=32 (we were waiting for 34). It has not seen our acknowledgement - check the send window and our own receive latency BEFORE looking for a fault in XMSG or the file server.
2026-08-17 04:09:39.125 | [tx] node19999 -> node100  ack seq=33 snd=42866 rcv=1 plen=0
2026-08-17 04:09:39.132 | [tx]   llc+nd : 0B023F0021A77200010000
2026-08-17 04:09:39.137 | [RX] 100->19999 sub=Ack f1=0x0002 info=211300034E1F0064000200039061
2026-08-17 04:09:39.144 | [seq] node 100: ACK 0x0002 did NOT advance the store (still 0x0004)
2026-08-17 04:09:39.153 | [RX] 100->19999 sub=Ack (no reply expected)
2026-08-17 04:09:39.158 | [sniff] node100 -> node19999  data seq=33 snd=1 rcv=42866 plen=14   <== ADDRESSED TO US
2026-08-17 04:09:39.170 | [sniff]   llc+nd : 0B022000210001A772000E211300034E1F006400030004905F
2026-08-17 04:09:39.180 | [sniff]   frame  : 0800261F4E00080026640000001CA8A8030B022000210001A772000E211300034E1F006400030004905F210082840066045F006407CE000807A20002
2026-08-17 04:09:39.198 | [link] WARNING the peer RE-SENT data frame seq=33 (we were waiting for 34). It has not seen our acknowledgement - check the send window and our own receive latency BEFORE looking for a fault in XMSG or the file server.
2026-08-17 04:09:39.225 | [tx] node19999 -> node100  ack seq=34 snd=42866 rcv=1 plen=0
2026-08-17 04:09:39.233 | [tx]   llc+nd : 0B023F0022A77200010000
2026-08-17 04:09:39.238 | [RX] 100->19999 sub=Ack f1=0x0003 info=211300034E1F006400030004905F
2026-08-17 04:09:39.246 | [seq] node 100: ACK 0x0003 did NOT advance the store (still 0x0004)
2026-08-17 04:09:39.255 | [RX] 100->19999 sub=Ack (no reply expected)
2026-08-17 04:09:39.261 | [sniff] node100 -> node19999  data seq=32 snd=1 rcv=42866 plen=14   <== ADDRESSED TO US
2026-08-17 04:09:39.272 | [sniff]   llc+nd : 0B022000200001A772000E211300034E1F0064000200039061
2026-08-17 04:09:39.282 | [sniff]   frame  : 0800261F4E00080026640000001CA8A8030B022000200001A772000E211300034E1F0064000200039061210082840066000000640624006401440060
2026-08-17 04:09:39.301 | [link] WARNING the peer RE-SENT data frame seq=32 (we were waiting for 34). It has not seen our acknowledgement - check the send window and our own receive latency BEFORE looking for a fault in XMSG or the file server.
2026-08-17 04:09:39.329 | [tx] node19999 -> node100  ack seq=33 snd=42866 rcv=1 plen=0
2026-08-17 04:09:39.337 | [tx]   llc+nd : 0B023F0021A77200010000
2026-08-17 04:09:39.343 | [RX] 100->19999 sub=Ack f1=0x0002 info=211300034E1F0064000200039061
2026-08-17 04:09:39.352 | [seq] node 100: ACK 0x0002 did NOT advance the store (still 0x0004)
2026-08-17 04:09:39.361 | [RX] 100->19999 sub=Ack (no reply expected)
2026-08-17 04:09:39.367 | [sniff] node100 -> node19999  data seq=33 snd=1 rcv=42866 plen=14   <== ADDRESSED TO US
2026-08-17 04:09:39.379 | [sniff]   llc+nd : 0B022000210001A772000E211300034E1F006400030004905F
2026-08-17 04:09:39.389 | [sniff]   frame  : 0800261F4E00080026640000001CA8A8030B022000210001A772000E211300034E1F006400030004905F210082840066045F006407CE000807A20002
2026-08-17 04:09:39.408 | [link] WARNING the peer RE-SENT data frame seq=33 (we were waiting for 34). It has not seen our acknowledgement - check the send window and our own receive latency BEFORE looking for a fault in XMSG or the file server.
2026-08-17 04:09:39.437 | [tx] node19999 -> node100  ack seq=34 snd=42866 rcv=1 plen=0
2026-08-17 04:09:39.452 | [tx]   llc+nd : 0B023F0022A77200010000
2026-08-17 04:09:39.461 | [RX] 100->19999 sub=Ack f1=0x0003 info=211300034E1F006400030004905F
2026-08-17 04:09:39.470 | [seq] node 100: ACK 0x0003 did NOT advance the store (still 0x0004)
2026-08-17 04:09:39.478 | [RX] 100->19999 sub=Ack (no reply expected)
2026-08-17 04:09:39.484 | [sniff] node100 -> node19999  data seq=32 snd=1 rcv=42866 plen=14   <== ADDRESSED TO US
2026-08-17 04:09:39.496 | [sniff]   llc+nd : 0B022000200001A772000E211300034E1F0064000200039061
2026-08-17 04:09:39.506 | [sniff]   frame  : 0800261F4E00080026640000001CA8A8030B022000200001A772000E211300034E1F0064000200039061210082840066000000640624006401440060
2026-08-17 04:09:39.524 | [link] WARNING the peer RE-SENT data frame seq=32 (we were waiting for 34). It has not seen our acknowledgement - check the send window and our own receive latency BEFORE looking for a fault in XMSG or the file server.
2026-08-17 04:09:39.552 | [tx] node19999 -> node100  ack seq=33 snd=42866 rcv=1 plen=0
2026-08-17 04:09:39.559 | [tx]   llc+nd : 0B023F0021A77200010000
2026-08-17 04:09:39.565 | [RX] 100->19999 sub=Ack f1=0x0002 info=211300034E1F0064000200039061
2026-08-17 04:09:39.574 | [seq] node 100: ACK 0x0002 did NOT advance the store (still 0x0004)
2026-08-17 04:09:39.584 | [RX] 100->19999 sub=Ack (no reply expected)
2026-08-17 04:09:39.591 | [sniff] node100 -> node19999  data seq=33 snd=1 rcv=42866 plen=14   <== ADDRESSED TO US
2026-08-17 04:09:39.602 | [sniff]   llc+nd : 0B022000210001A772000E211300034E1F006400030004905F
2026-08-17 04:09:39.611 | [sniff]   frame  : 0800261F4E00080026640000001CA8A8030B022000210001A772000E211300034E1F006400030004905F210082840066045F006407CE000807A20002
2026-08-17 04:09:39.629 | [link] WARNING the peer RE-SENT data frame seq=33 (we were waiting for 34). It has not seen our acknowledgement - check the send window and our own receive latency BEFORE looking for a fault in XMSG or the file server.
2026-08-17 04:09:39.659 | [tx] node19999 -> node100  ack seq=34 snd=42866 rcv=1 plen=0
2026-08-17 04:09:39.666 | [tx]   llc+nd : 0B023F0022A77200010000
2026-08-17 04:09:39.671 | [RX] 100->19999 sub=Ack f1=0x0003 info=211300034E1F006400030004905F
2026-08-17 04:09:39.680 | [seq] node 100: ACK 0x0003 did NOT advance the store (still 0x0004)
2026-08-17 04:09:39.688 | [RX] 100->19999 sub=Ack (no reply expected)
2026-08-17 04:09:39.694 | [sniff] node100 -> node19999  data seq=33 snd=1 rcv=42866 plen=14   <== ADDRESSED TO US
2026-08-17 04:09:39.705 | [sniff]   llc+nd : 0B022000210001A772000E211300034E1F006400030004905F
2026-08-17 04:09:39.713 | [sniff]   frame  : 0800261F4E00080026640000001CA8A8030B022000210001A772000E211300034E1F006400030004905F210082840066045F006407CE000807A20002
2026-08-17 04:09:39.729 | [link] WARNING the peer RE-SENT data frame seq=33 (we were waiting for 34). It has not seen our acknowledgement - check the send window and our own receive latency BEFORE looking for a fault in XMSG or the file server.
2026-08-17 04:09:39.755 | [tx] node19999 -> node100  ack seq=34 snd=42866 rcv=1 plen=0
2026-08-17 04:09:39.764 | [tx]   llc+nd : 0B023F0022A77200010000
2026-08-17 04:09:39.769 | [RX] 100->19999 sub=Ack f1=0x0003 info=211300034E1F006400030004905F
2026-08-17 04:09:39.777 | [seq] node 100: ACK 0x0003 did NOT advance the store (still 0x0004)
2026-08-17 04:09:39.785 | [RX] 100->19999 sub=Ack (no reply expected)
2026-08-17 04:09:39.858 | [segment] data=41 acks=10 other-stations=12
2026-08-17 04:09:44.876 | [segment] data=41 acks=10 other-stations=12
2026-08-17 04:09:49.905 | [segment] data=41 acks=10 other-stations=12
2026-08-17 04:09:54.920 | [segment] data=41 acks=10 other-stations=12
2026-08-17 04:09:59.943 | [segment] data=41 acks=10 other-stations=12
2026-08-17 04:10:04.950 | [segment] data=41 acks=10 other-stations=12
2026-08-17 04:10:09.965 | [segment] data=41 acks=10 other-stations=12
2026-08-17 04:10:14.983 | [segment] data=41 acks=10 other-stations=12
2026-08-17 04:10:19.990 | [segment] data=41 acks=10 other-stations=12
2026-08-17 04:10:25.008 | [segment] data=41 acks=10 other-stations=12
2026-08-17 04:10:30.023 | [segment] data=41 acks=10 other-stations=12
2026-08-17 04:10:35.026 | [segment] data=41 acks=10 other-stations=12
2026-08-17 04:10:40.043 | [segment] data=41 acks=10 other-stations=12
2026-08-17 04:10:45.058 | [segment] data=41 acks=10 other-stations=12
2026-08-17 04:10:50.085 | [segment] data=41 acks=10 other-stations=12
2026-08-17 04:10:55.112 | [segment] data=41 acks=10 other-stations=12
2026-08-17 04:11:00.133 | [segment] data=41 acks=10 other-stations=12
2026-08-17 04:11:05.144 | [segment] data=41 acks=10 other-stations=12
2026-08-17 04:11:10.154 | [segment] data=41 acks=10 other-stations=12
2026-08-17 04:11:15.175 | [segment] data=41 acks=10 other-stations=12
2026-08-17 04:11:20.189 | [segment] data=41 acks=10 other-stations=12
2026-08-17 04:11:25.202 | [segment] data=41 acks=10 other-stations=12
2026-08-17 04:11:30.204 | [segment] data=41 acks=10 other-stations=12
2026-08-17 04:11:35.225 | [segment] data=41 acks=10 other-stations=12
2026-08-17 04:11:40.247 | [segment] data=41 acks=10 other-stations=12
