[runner] topology loaded: self=19999, 3 node(s), file=topology-d19999-relay.json
[runner] logging to E:\Dev\Ronny\NDInsight\SINTRAN\XMSG\SRC\Xmsg.Live.Runner\bin\Debug\net9.0\xmsg-d19999-relay.log (level Info, max 2 MB, keep 3).
2026-08-08 15:46:41.700 | [runner] Xmsg.Live.Runner v1.1.0.0 built 2026-08-08 15:46:19
2026-08-08 15:46:41.702 | [runner] config folder: 
2026-08-08 15:46:41.703 | [runner] config file:   topology-d19999-relay.json
2026-08-08 15:46:41.703 | [runner] log folder:    E:\Dev\Ronny\NDInsight\SINTRAN\XMSG\SRC\Xmsg.Live.Runner\bin\Debug\net9.0
2026-08-08 15:46:41.704 | [runner] log file:      E:\Dev\Ronny\NDInsight\SINTRAN\XMSG\SRC\Xmsg.Live.Runner\bin\Debug\net9.0\xmsg-d19999-relay.log
2026-08-08 15:46:41.705 | [runner] path=seam connecting to 127.0.0.1:10364 as node 19999 for 600s
2026-08-08 15:46:41.713 | [fa] connection numbers 0x07C2..0x0801 (state: E:\Dev\Ronny\NDInsight\SINTRAN\XMSG\SRC\Xmsg.Live.Runner\bin\Debug\net9.0\fa-connection.state)
2026-08-08 15:46:41.713 | [fa] file server ON as *FA-SERVER (logical port 4, wire port 0x0257)
2026-08-08 15:46:41.714 | [fa] serving folder: E:\Dev\Ronny\NDInsight\SINTRAN\XMSG\SRC\Xmsg.Live.Runner\bin\Debug\net9.0\served-files
2026-08-08 15:46:41.718 | [fa] files visible now: 4
2026-08-08 15:46:41.720 | [relay] listening on 10366 for the inbound bridge...
2026-08-08 15:46:41.846 | [relay] inbound bridge connected on 10366
2026-08-08 15:46:41.850 | [relay] outbound bridge connected to 127.0.0.1:10364
2026-08-08 15:46:41.859 | [relay] node 19999: inbound link on 10366 reaches [103], outbound to 127.0.0.1:10364 reaches [100]
2026-08-08 15:46:41.861 | [relay] SABM sent on both links; pumping...
2026-08-08 15:46:41.863 | [relay] inbound link Stopped -> Starting (LAPB establishing)
2026-08-08 15:46:41.864 | [relay] outbound link Stopped -> Starting (LAPB establishing)
2026-08-08 15:46:42.064 | [relay] outbound link Starting -> Active (LAPB connected)
2026-08-08 15:46:42.065 | [relay] announcing to outbound peer 100
2026-08-08 15:46:42.144 | [out RX] 100->19999 sub=InitializationNak f1=0xFFFF info=21FE00174E1F0064FFFFFFFD8F69
2026-08-08 15:46:42.146 | [out RX] 100->19999 sub=InitializationNak *** NO REPLY BUILT *** (this hangs the caller)
2026-08-08 15:46:42.172 | [relay] inbound link Starting -> Active (LAPB connected)
2026-08-08 15:46:42.172 | [relay] announcing to inbound peer 103
2026-08-08 15:46:42.233 | [in  RX] 103->19999 sub=InitializationNak f1=0xFFFF info=21FE00174E1F0067FFFFFFFD8F66
2026-08-08 15:46:42.233 | [in  RX] 103->19999 sub=InitializationNak *** NO REPLY BUILT *** (this hangs the caller)
2026-08-08 15:48:05.587 | [out RX] 100->19999 sub=ReachabilityRequest f1=0xFFFF info=211300194E1F0064FFFF0001904F
2026-08-08 15:48:05.589 | [out RX] 100->19999 sub=ReachabilityRequest answered with 1 frame(s)
2026-08-08 15:48:05.622 | [out RX] 100->19999 sub=Data f1=0x0000 info=2113000E4E1F0064000000249037210086E44E1F00000064021F00241B410014FF0A2A46412D534552564552FE0644313939393907E2000000026400A200FF92
2026-08-08 15:48:05.648 | [out RX] 100->19999 sub=Data answered with 1 frame(s)
2026-08-08 15:50:05.856 | [out RX] 100->19999 sub=Data f1=0x0001 info=2113000E4E1F0064000100249036210086E44E1F00000064021F00241B410014FF0A2A46412D534552564552FE0644313939393907E2000000046400A200FF92
2026-08-08 15:50:05.857 | [out RX] 100->19999 sub=Data answered with 1 frame(s)
