[runner] topology loaded: self=19999, 3 node(s), file=topology-d19999-relay.json
[runner] logging to E:\Dev\Ronny\NDInsight\SINTRAN\XMSG\SRC\Xmsg.Live.Runner\bin\Debug\net9.0\xmsg-d19999-relay.log (level Info, max 2 MB, keep 3).
2026-08-08 16:01:28.816 | [runner] Xmsg.Live.Runner v1.1.0.0 built 2026-08-08 15:53:33
2026-08-08 16:01:28.817 | [runner] config folder: 
2026-08-08 16:01:28.817 | [runner] config file:   topology-d19999-relay.json
2026-08-08 16:01:28.818 | [runner] log folder:    E:\Dev\Ronny\NDInsight\SINTRAN\XMSG\SRC\Xmsg.Live.Runner\bin\Debug\net9.0
2026-08-08 16:01:28.819 | [runner] log file:      E:\Dev\Ronny\NDInsight\SINTRAN\XMSG\SRC\Xmsg.Live.Runner\bin\Debug\net9.0\xmsg-d19999-relay.log
2026-08-08 16:01:28.820 | [runner] path=seam connecting to 127.0.0.1:10364 as node 19999 for 600s
2026-08-08 16:01:28.825 | [fa] connection numbers 0x0882..0x08C1 (state: E:\Dev\Ronny\NDInsight\SINTRAN\XMSG\SRC\Xmsg.Live.Runner\bin\Debug\net9.0\fa-connection.state)
2026-08-08 16:01:28.831 | [fa] file server ON as *FA-SERVER (logical port 4, wire port 0x0257)
2026-08-08 16:01:28.831 | [fa] serving folder: E:\Dev\Ronny\NDInsight\SINTRAN\XMSG\SRC\Xmsg.Live.Runner\bin\Debug\net9.0\served-files
2026-08-08 16:01:28.834 | [fa] files visible now: 4
2026-08-08 16:01:28.837 | [relay] listening on 10366 for the inbound bridge...
2026-08-08 16:01:30.299 | [relay] inbound bridge connected on 10366
2026-08-08 16:01:30.301 | [relay] outbound bridge connected to 127.0.0.1:10364
2026-08-08 16:01:30.310 | [relay] node 19999: inbound link on 10366 reaches [103], outbound to 127.0.0.1:10364 reaches [100]
2026-08-08 16:01:30.312 | [relay] SABM sent on both links; pumping...
2026-08-08 16:01:30.314 | [relay] inbound link Stopped -> Starting (LAPB establishing)
2026-08-08 16:01:30.315 | [relay] outbound link Stopped -> Starting (LAPB establishing)
2026-08-08 16:01:30.422 | [relay] outbound link Starting -> Active (LAPB connected)
2026-08-08 16:01:30.422 | [relay] announcing to outbound peer 100
2026-08-08 16:01:30.502 | [out RX] 100->19999 sub=InitializationNak f1=0xFFFF info=21FE00174E1F0064FFFFFFFD8F69
2026-08-08 16:01:30.503 | [out RX] 100->19999 sub=InitializationNak *** NO REPLY BUILT *** (this hangs the caller)
2026-08-08 16:01:30.514 | [relay] inbound link Starting -> Active (LAPB connected)
2026-08-08 16:01:30.514 | [relay] announcing to inbound peer 103
2026-08-08 16:01:30.576 | [in  RX] 103->19999 sub=InitializationNak f1=0xFFFF info=21FE00174E1F0067FFFFFFFD8F66
2026-08-08 16:01:30.577 | [in  RX] 103->19999 sub=InitializationNak *** NO REPLY BUILT *** (this hangs the caller)
2026-08-08 16:01:59.081 | [in  RX] 103->19999 sub=ReachabilityRequest f1=0xFFFF info=211300194E1F0067FFFF0001904C
2026-08-08 16:01:59.083 | [in  RX] 103->19999 sub=ReachabilityRequest answered with 1 frame(s)
2026-08-08 16:01:59.144 | [in  RX] 103->19999 sub=Data f1=0x0000 info=2113000E4E1F0067000000249034210086E44E1F00000067044C00241B410014FF0A2A46412D534552564552FE0644313939393907E2000000026400A200FF00
2026-08-08 16:01:59.221 | [fa] connect letter from node 103 (system 103 port 0x044C); serving E:\Dev\Ronny\NDInsight\SINTRAN\XMSG\SRC\Xmsg.Live.Runner\bin\Debug\net9.0\served-files; answering from session port 0x0211 with an FA ConnectionConfirm 07D2000208826700
2026-08-08 16:01:59.224 | [in  RX] 103->19999 sub=Data answered with 2 frame(s)
2026-08-08 16:01:59.291 | [in  RX] 103->19999 sub=Ack f1=0x0000 info=211300034E1F0067000000019062
2026-08-08 16:01:59.307 | [in  RX] 103->19999 sub=Ack *** NO REPLY BUILT *** (this hangs the caller)
2026-08-08 16:01:59.454 | [in  RX] 103->19999 sub=Data f1=0x0001 info=2113000E4E1F0067000100708FE7210082844E1F02110067044C007007F0088280000001920002920001F20001A207D0F200028C06920001920001F20003BD42414B3033202053595354454DF200048C38B01053595354454D27000000000000000000E180B01000000000000000000000000000000000B01000000000000000000000000000000000F200FF
2026-08-08 16:01:59.485 | [fa] request ReserveFileEntry seq 1 from system 103: accepted
2026-08-08 16:01:59.508 | [fa] short acknowledgement 1 to system 103 at Flags1 0x0001
2026-08-08 16:01:59.510 | [fa] reply to system 103: 18 byte(s), FA body 07F0000280009081920002920001F200...
2026-08-08 16:01:59.516 | [in  RX] 103->19999 sub=Data answered with 3 frame(s)
2026-08-08 16:01:59.624 | [in  RX] 103->19999 sub=Ack f1=0x0001 info=211300034E1F0067000100019061
2026-08-08 16:01:59.625 | [in  RX] 103->19999 sub=Ack *** NO REPLY BUILT *** (this hangs the caller)
2026-08-08 16:01:59.626 | [in  RX] 103->19999 sub=Ack f1=0x0002 info=211300034E1F006700020002905F
2026-08-08 16:01:59.630 | [in  RX] 103->19999 sub=Ack *** NO REPLY BUILT *** (this hangs the caller)
2026-08-08 16:01:59.730 | [in  RX] 103->19999 sub=Data f1=0x0002 info=2113000E4E1F006700020008904E210082844E1F02110067044C000807A2088201008485
2026-08-08 16:01:59.731 | [fa] short acknowledgement from system 103, conversation 0x0882
2026-08-08 16:01:59.731 | [in  RX] 103->19999 sub=Data answered with 1 frame(s)
2026-08-08 16:01:59.888 | [in  RX] 103->19999 sub=Data f1=0x0003 info=2113000E4E1F0067000300648FF1210082844E1F02110067044C006407F008828100D76192000C920002F20001920078F200028C8046B03E2853595354454D29275354454D292E2853595354454D2927B5DC00000000000048FF00000000000000000000000000000000000000000000000000000000A20000A2FFFFF200FF39
2026-08-08 16:01:59.940 | [fa] directory walk started by system 103: 4 file(s) in E:\Dev\Ronny\NDInsight\SINTRAN\XMSG\SRC\Xmsg.Live.Runner\bin\Debug\net9.0\served-files
2026-08-08 16:02:00.028 | [fa] directory entry 0 for system 103: BIG:TXT file 1, 12690 byte(s)
2026-08-08 16:02:00.028 | [fa] short acknowledgement 2 to system 103 at Flags1 0x0003
2026-08-08 16:02:00.028 | [fa] reply to system 103: 98 byte(s), FA body 07F000028100908192000C920002F200...
2026-08-08 16:02:00.029 | [in  RX] 103->19999 sub=Data answered with 3 frame(s)
2026-08-08 16:02:00.113 | [in  RX] 103->19999 sub=Ack f1=0x0003 info=211300034E1F006700030001905F
2026-08-08 16:02:00.114 | [in  RX] 103->19999 sub=Ack *** NO REPLY BUILT *** (this hangs the caller)
2026-08-08 16:02:00.129 | [in  RX] 103->19999 sub=Ack f1=0x0004 info=211300034E1F006700040002905D
2026-08-08 16:02:00.130 | [in  RX] 103->19999 sub=Ack *** NO REPLY BUILT *** (this hangs the caller)
2026-08-08 16:02:00.238 | [in  RX] 103->19999 sub=Data f1=0x0004 info=2113000E4E1F006700040008904C210082844E1F02110067044C000807A2088202008485
2026-08-08 16:02:00.239 | [fa] short acknowledgement from system 103, conversation 0x0882
2026-08-08 16:02:00.239 | [in  RX] 103->19999 sub=Data answered with 1 frame(s)
2026-08-08 16:02:00.253 | [in  RX] 103->19999 sub=Data f1=0x0005 info=2113000E4E1F0067000500209033210082844E1F02110067044C002007F008828200D76192000C920003F200019200A4F200028C8003A20000F200FF
2026-08-08 16:02:00.253 | [fa] system 103 asked for the DIRECTORY entry: pack PACK-ONE
2026-08-08 16:02:00.255 | [fa] short acknowledgement 3 to system 103 at Flags1 0x0005
2026-08-08 16:02:00.255 | [fa] reply to system 103: 70 byte(s), FA body 07F000028200908192000C920003F200...
2026-08-08 16:02:00.262 | [in  RX] 103->19999 sub=Data answered with 3 frame(s)
2026-08-08 16:02:00.315 | [in  RX] 103->19999 sub=Ack f1=0x0005 info=211300034E1F006700050001905D
2026-08-08 16:02:00.325 | [in  RX] 103->19999 sub=Ack *** NO REPLY BUILT *** (this hangs the caller)
2026-08-08 16:02:00.333 | [in  RX] 103->19999 sub=Ack f1=0x0006 info=211300034E1F006700060002905B
2026-08-08 16:02:00.334 | [in  RX] 103->19999 sub=Ack *** NO REPLY BUILT *** (this hangs the caller)
2026-08-08 16:02:00.334 | [in  RX] 103->19999 sub=Data f1=0x0006 info=2113000E4E1F006700060008904A210082844E1F02110067044C000807A2088203008485
2026-08-08 16:02:00.335 | [fa] short acknowledgement from system 103, conversation 0x0882
2026-08-08 16:02:00.335 | [in  RX] 103->19999 sub=Data answered with 1 frame(s)
2026-08-08 16:02:00.453 | [in  RX] 103->19999 sub=Data f1=0x0007 info=2113000E4E1F0067000700209031210082844E1F02110067044C002007F008828300D76192000C920004F2000192008CF200028C8003A20000F200FF
2026-08-08 16:02:00.454 | [fa] system 103 asked for the USER entry: SYSTEM
2026-08-08 16:02:00.455 | [fa] short acknowledgement 4 to system 103 at Flags1 0x0007
2026-08-08 16:02:00.463 | [fa] reply to system 103: 40 byte(s), FA body 07F000028300908192000C920004F200...
2026-08-08 16:02:00.463 | [in  RX] 103->19999 sub=Data answered with 3 frame(s)
2026-08-08 16:02:00.563 | [in  RX] 103->19999 sub=Ack f1=0x0007 info=211300034E1F006700070001905B
2026-08-08 16:02:00.564 | [in  RX] 103->19999 sub=Ack *** NO REPLY BUILT *** (this hangs the caller)
2026-08-08 16:02:00.564 | [in  RX] 103->19999 sub=Ack f1=0x0008 info=211300034E1F0067000800029059
2026-08-08 16:02:00.565 | [in  RX] 103->19999 sub=Ack *** NO REPLY BUILT *** (this hangs the caller)
2026-08-08 16:02:00.622 | [in  RX] 103->19999 sub=Data f1=0x0008 info=2113000E4E1F0067000800089048210082844E1F02110067044C000807A2088204008485
2026-08-08 16:02:00.622 | [fa] short acknowledgement from system 103, conversation 0x0882
2026-08-08 16:02:00.623 | [in  RX] 103->19999 sub=Data answered with 1 frame(s)
2026-08-08 16:02:00.777 | [in  RX] 103->19999 sub=Data f1=0x0009 info=2113000E4E1F0067000900648FEB210082844E1F02110067044C006407F008828400D76192000C920005F20001920078F200028C8046B03E2853595354454D29275354454D292E2853595354454D2927B5DC00000000000048FF00000000000000000000000000000000000000000000000000000000A20000A20001F200FF39
2026-08-08 16:02:00.779 | [fa] directory entry 1 for system 103: HELLO:TXT file 2, 12690 byte(s)
2026-08-08 16:02:00.779 | [fa] short acknowledgement 5 to system 103 at Flags1 0x0009
2026-08-08 16:02:00.779 | [fa] reply to system 103: 98 byte(s), FA body 07F000028400908192000C920005F200...
2026-08-08 16:02:00.788 | [in  RX] 103->19999 sub=Data answered with 3 frame(s)
2026-08-08 16:02:00.884 | [in  RX] 103->19999 sub=Ack f1=0x0009 info=211300034E1F0067000900019059
2026-08-08 16:02:00.885 | [in  RX] 103->19999 sub=Ack *** NO REPLY BUILT *** (this hangs the caller)
2026-08-08 16:02:00.886 | [in  RX] 103->19999 sub=Ack f1=0x000A info=211300034E1F0067000A00029057
2026-08-08 16:02:00.887 | [in  RX] 103->19999 sub=Ack *** NO REPLY BUILT *** (this hangs the caller)
2026-08-08 16:02:00.899 | [in  RX] 103->19999 sub=Data f1=0x000A info=2113000E4E1F0067000A00089046210082844E1F02110067044C000807A2088205008485
2026-08-08 16:02:00.900 | [fa] short acknowledgement from system 103, conversation 0x0882
2026-08-08 16:02:00.901 | [in  RX] 103->19999 sub=Data answered with 1 frame(s)
2026-08-08 16:02:01.053 | [in  RX] 103->19999 sub=Data f1=0x000B info=2113000E4E1F0067000B00648FE9210082844E1F02110067044C006407F008828500D76192000C920006F20001920078F200028C8046B03E2853595354454D29275354454D292E2853595354454D2927B5DC00000000000048FF00000000000000000000000000000000000000000000000000000000A20000A20002F200FF39
2026-08-08 16:02:01.054 | [fa] directory entry 2 for system 103: README:TXT file 3, 12690 byte(s)
2026-08-08 16:02:01.054 | [fa] short acknowledgement 6 to system 103 at Flags1 0x000B
2026-08-08 16:02:01.055 | [fa] reply to system 103: 98 byte(s), FA body 07F000028500908192000C920006F200...
2026-08-08 16:02:01.055 | [in  RX] 103->19999 sub=Data answered with 3 frame(s)
2026-08-08 16:02:01.166 | [in  RX] 103->19999 sub=Ack f1=0x000B info=211300034E1F0067000B00019057
2026-08-08 16:02:01.168 | [in  RX] 103->19999 sub=Ack *** NO REPLY BUILT *** (this hangs the caller)
2026-08-08 16:02:01.168 | [in  RX] 103->19999 sub=Ack f1=0x000C info=211300034E1F0067000C00029055
2026-08-08 16:02:01.184 | [in  RX] 103->19999 sub=Ack *** NO REPLY BUILT *** (this hangs the caller)
2026-08-08 16:02:01.292 | [in  RX] 103->19999 sub=Data f1=0x000C info=2113000E4E1F0067000C00089044210082844E1F02110067044C000807A2088206008485
2026-08-08 16:02:01.293 | [fa] short acknowledgement from system 103, conversation 0x0882
2026-08-08 16:02:01.293 | [in  RX] 103->19999 sub=Data answered with 1 frame(s)
2026-08-08 16:02:01.542 | [in  RX] 103->19999 sub=Data f1=0x000D info=2113000E4E1F0067000D00648FE7210082844E1F02110067044C006407F008828600D76192000C920007F20001920078F200028C8046B03E2853595354454D29275354454D292E2853595354454D2927B5DC00000000000048FF00000000000000000000000000000000000000000000000000000000A20000A20003F200FF39
2026-08-08 16:02:01.543 | [fa] directory entry 3 for system 103: THIRD:TXT file 4, 12690 byte(s)
2026-08-08 16:02:01.544 | [fa] short acknowledgement 7 to system 103 at Flags1 0x000D
2026-08-08 16:02:01.606 | [fa] reply to system 103: 98 byte(s), FA body 07F000028600908192000C920007F200...
2026-08-08 16:02:01.606 | [in  RX] 103->19999 sub=Data answered with 3 frame(s)
2026-08-08 16:02:01.750 | [in  RX] 103->19999 sub=Ack f1=0x000D info=211300034E1F0067000D00019055
2026-08-08 16:02:01.751 | [in  RX] 103->19999 sub=Ack *** NO REPLY BUILT *** (this hangs the caller)
2026-08-08 16:02:01.752 | [in  RX] 103->19999 sub=Ack f1=0x000E info=211300034E1F0067000E00029053
2026-08-08 16:02:01.752 | [in  RX] 103->19999 sub=Ack *** NO REPLY BUILT *** (this hangs the caller)
2026-08-08 16:02:01.861 | [in  RX] 103->19999 sub=Data f1=0x000E info=2113000E4E1F0067000E00089042210082844E1F02110067044C000807A2088207008485
2026-08-08 16:02:01.861 | [fa] short acknowledgement from system 103, conversation 0x0882
2026-08-08 16:02:01.862 | [in  RX] 103->19999 sub=Data answered with 1 frame(s)
2026-08-08 16:02:02.206 | [in  RX] 103->19999 sub=Data f1=0x000F info=2113000E4E1F0067000F00648FE5210082844E1F02110067044C006407F008828700D76192000C920008F20001920078F200028C8046B03E2853595354454D29275354454D292E2853595354454D2927B5DC00000000000048FF00000000000000000000000000000000000000000000000000000000A20000A20004F200FF39
2026-08-08 16:02:02.207 | [fa] directory walk for system 103 reached the end at entry 4 of 4; answering EndOfDirectory
2026-08-08 16:02:02.229 | [fa] short acknowledgement 8 to system 103 at Flags1 0x000F
2026-08-08 16:02:02.229 | [fa] reply to system 103: 24 byte(s), FA body 07F000028700908192000C920008F200...
2026-08-08 16:02:02.229 | [in  RX] 103->19999 sub=Data answered with 3 frame(s)
2026-08-08 16:02:02.345 | [in  RX] 103->19999 sub=Ack f1=0x000F info=211300034E1F0067000F00019053
2026-08-08 16:02:02.346 | [in  RX] 103->19999 sub=Ack *** NO REPLY BUILT *** (this hangs the caller)
2026-08-08 16:02:02.346 | [in  RX] 103->19999 sub=Ack f1=0x0010 info=211300034E1F0067001000029051
2026-08-08 16:02:02.360 | [in  RX] 103->19999 sub=Ack *** NO REPLY BUILT *** (this hangs the caller)
2026-08-08 16:02:02.563 | [in  RX] 103->19999 sub=Data f1=0x0010 info=2113000E4E1F0067001000089040210082844E1F02110067044C000807A2088208008485
2026-08-08 16:02:02.563 | [fa] short acknowledgement from system 103, conversation 0x0882
2026-08-08 16:02:02.564 | [in  RX] 103->19999 sub=Data answered with 1 frame(s)
2026-08-08 16:02:29.930 | [in  RX] 103->19999 sub=Data f1=0x0011 info=2113000E4E1F00670011002A901D210082844E1F02110067044C002A07F008828800D76192000A920009F20002BD224E455746313A54585422274DF20004A40000000AF200FF
2026-08-08 16:02:29.941 | [fa] CreateFile '"NEWF1:TXT"' for system 103: file number 5, 10 page(s) asked for (a folder reserves nothing, so the file starts empty)
2026-08-08 16:02:29.942 | [fa] short acknowledgement 9 to system 103 at Flags1 0x0011
2026-08-08 16:02:29.942 | [fa] reply to system 103: 18 byte(s), FA body 07F000028800908192000A920009F200...
2026-08-08 16:02:29.947 | [in  RX] 103->19999 sub=Data answered with 3 frame(s)
2026-08-08 16:02:30.007 | [in  RX] 103->19999 sub=Ack f1=0x0011 info=211300034E1F0067001100019051
2026-08-08 16:02:30.008 | [in  RX] 103->19999 sub=Ack *** NO REPLY BUILT *** (this hangs the caller)
2026-08-08 16:02:30.009 | [in  RX] 103->19999 sub=Ack f1=0x0012 info=211300034E1F006700120002904F
2026-08-08 16:02:30.014 | [in  RX] 103->19999 sub=Ack *** NO REPLY BUILT *** (this hangs the caller)
2026-08-08 16:02:30.023 | [in  RX] 103->19999 sub=Data f1=0x0012 info=2113000E4E1F006700120008903E210082844E1F02110067044C000807A2088209008485
2026-08-08 16:02:30.024 | [fa] short acknowledgement from system 103, conversation 0x0882
2026-08-08 16:02:30.024 | [in  RX] 103->19999 sub=Data answered with 1 frame(s)
2026-08-08 16:02:30.134 | [in  RX] 103->19999 sub=Data f1=0x0013 info=2113000E4E1F0067001300129033210082844E1F02110067044C001207F008828900D76192000392000AF200FF38
2026-08-08 16:02:30.135 | [fa] request ReleaseFileEntry seq 10 from system 103: accepted
2026-08-08 16:02:30.135 | [fa] short acknowledgement 10 to system 103 at Flags1 0x0013
2026-08-08 16:02:30.136 | [fa] reply to system 103: 18 byte(s), FA body 07F000028900908192000392000AF200...
2026-08-08 16:02:30.136 | [in  RX] 103->19999 sub=Data answered with 3 frame(s)
2026-08-08 16:02:30.195 | [in  RX] 103->19999 sub=Ack f1=0x0013 info=211300034E1F006700130001904F
2026-08-08 16:02:30.196 | [in  RX] 103->19999 sub=Ack *** NO REPLY BUILT *** (this hangs the caller)
2026-08-08 16:02:30.197 | [in  RX] 103->19999 sub=Ack f1=0x0014 info=211300034E1F006700140002904D
2026-08-08 16:02:30.197 | [in  RX] 103->19999 sub=Ack *** NO REPLY BUILT *** (this hangs the caller)
2026-08-08 16:02:30.258 | [in  RX] 103->19999 sub=Data f1=0x0014 info=2113000E4E1F006700140008903C210082844E1F02110067044C000807A208820A008485
2026-08-08 16:02:30.258 | [fa] short acknowledgement from system 103, conversation 0x0882
2026-08-08 16:02:30.259 | [in  RX] 103->19999 sub=Data answered with 1 frame(s)
2026-08-08 16:02:30.273 | [in  RX] 103->19999 sub=Data f1=0x0015 info=2113000E4E1F00670015000A9039210082844E1F02110067044C000A07820882000280000000
2026-08-08 16:02:30.273 | [fa] system 103 has finished with conversation 0x0882 (0x0782); answering with a close
2026-08-08 16:02:30.274 | [fa] reply to system 103: 8 byte(s), FA body 07C0000208820000...
2026-08-08 16:02:30.275 | [in  RX] 103->19999 sub=Data answered with 2 frame(s)
2026-08-08 16:02:30.336 | [in  RX] 103->19999 sub=Ack f1=0x0015 info=211300034E1F006700150001904D
2026-08-08 16:02:30.342 | [in  RX] 103->19999 sub=Ack *** NO REPLY BUILT *** (this hangs the caller)
2026-08-08 16:03:09.143 | [in  RX] 103->19999 sub=Data f1=0x0016 info=2113000E4E1F006700160024901E210086E44E1F00000067044C00241B410014FF0A2A46412D534552564552FE0644313939393907E2000000046400A200FF00
2026-08-08 16:03:09.144 | [fa] connect letter from node 103 (system 103 port 0x044C); serving E:\Dev\Ronny\NDInsight\SINTRAN\XMSG\SRC\Xmsg.Live.Runner\bin\Debug\net9.0\served-files; answering from session port 0x0212 with an FA ConnectionConfirm 07D2000408836700
2026-08-08 16:03:09.157 | [in  RX] 103->19999 sub=Data answered with 2 frame(s)
2026-08-08 16:03:09.262 | [in  RX] 103->19999 sub=Ack f1=0x0016 info=211300034E1F006700160001904C
2026-08-08 16:03:09.263 | [in  RX] 103->19999 sub=Ack *** NO REPLY BUILT *** (this hangs the caller)
2026-08-08 16:03:09.275 | [in  RX] 103->19999 sub=Data f1=0x0017 info=2113000E4E1F0067001700708FD1210082844E1F02120067044C007007F0088380000001920002920001F20001A207D0F200028C06920001920001F20003BD42414B3033202053595354454DF200048C38B01053595354454D27000000000000000000E180B01000000000000000000000000000000000B01000000000000000000000000000000000F200FF
2026-08-08 16:03:09.276 | [fa] request ReserveFileEntry seq 1 from system 103: accepted
2026-08-08 16:03:09.277 | [fa] short acknowledgement 1 to system 103 at Flags1 0x0017
2026-08-08 16:03:09.277 | [fa] reply to system 103: 18 byte(s), FA body 07F0000280009081920002920001F200...
2026-08-08 16:03:09.286 | [in  RX] 103->19999 sub=Data answered with 3 frame(s)
2026-08-08 16:03:09.335 | [in  RX] 103->19999 sub=Ack f1=0x0017 info=211300034E1F006700170001904B
2026-08-08 16:03:09.336 | [in  RX] 103->19999 sub=Ack *** NO REPLY BUILT *** (this hangs the caller)
2026-08-08 16:03:09.337 | [in  RX] 103->19999 sub=Ack f1=0x0018 info=211300034E1F0067001800029049
2026-08-08 16:03:09.338 | [in  RX] 103->19999 sub=Ack *** NO REPLY BUILT *** (this hangs the caller)
