[runner] topology loaded: self=102, 3 node(s), file=E:\Dev\Ronny\NDInsight\SINTRAN\XMSG\SRC\Xmsg.Live.Runner\bin\Debug\net9.0\topology.json
[runner] logging to E:\Dev\Ronny\NDInsight\SINTRAN\XMSG\SRC\Xmsg.Live.Runner\bin\Debug\net9.0\xmsg-runner.log (level Info, max 2 MB, keep 3).
2026-08-18 17:11:32.098 | [runner] Xmsg.Live.Runner v1.1.0.0 built 2026-08-18 16:25:39
2026-08-18 17:11:32.100 | [runner] config folder: E:\Dev\Ronny\NDInsight\SINTRAN\XMSG\SRC\Xmsg.Live.Runner\bin\Debug\net9.0
2026-08-18 17:11:32.100 | [runner] config file:   E:\Dev\Ronny\NDInsight\SINTRAN\XMSG\SRC\Xmsg.Live.Runner\bin\Debug\net9.0\topology.json
2026-08-18 17:11:32.100 | [runner] log folder:    E:\Dev\Ronny\NDInsight\SINTRAN\XMSG\SRC\Xmsg.Live.Runner\bin\Debug\net9.0
2026-08-18 17:11:32.100 | [runner] log file:      E:\Dev\Ronny\NDInsight\SINTRAN\XMSG\SRC\Xmsg.Live.Runner\bin\Debug\net9.0\xmsg-runner.log
2026-08-18 17:11:32.101 | [runner] command line:  E:\Dev\Ronny\NDInsight\SINTRAN\XMSG\SRC\Xmsg.Live.Runner\bin\Debug\net9.0\Xmsg.Live.Runner.dll --self 19999 --originate-from-seed --transfer-timeout 240 --pull CHATSV:LIST --pull-from 100 --pull-to E:\Dev\Ronny\NDInsight\SINTRAN\XMSG\listings\CHATSV.LIST
2026-08-18 17:11:32.107 | [runner] path=seam connecting to 127.0.0.1:10362 as node 19999 for 3600s
2026-08-18 17:11:32.109 | [fa] file server OFF: no "fileServer": { "root": "..." } in the topology file. Nothing is served. Set a folder to turn it on.
2026-08-18 17:11:32.112 | [pull] CHATSV:LIST on node 100 (D100) user SYSTEM -> E:\Dev\Ronny\NDInsight\SINTRAN\XMSG\listings\CHATSV.LIST (we are D19999)
2026-08-18 17:11:32.134 | [runner] datagram-sequence state file: E:\Dev\Ronny\NDInsight\SINTRAN\XMSG\SRC\Xmsg.Live.Runner\bin\Debug\net9.0\xmsg-sequence.state
2026-08-18 17:11:32.135 | [tad] 2 login account(s) loaded
2026-08-18 17:11:32.139 | [runner] link-seed state file: E:\Dev\Ronny\NDInsight\SINTRAN\XMSG\SRC\Xmsg.Live.Runner\bin\Debug\net9.0\xmsg-link-seed.state
2026-08-18 17:11:32.143 | [TX] a=0x01 SABM state=SabmSent vs=0 va=0 vr=0
2026-08-18 17:11:32.144 | [runner] SABM sent; pumping seam link (LAPB + codec + XmsgLayer)...
2026-08-18 17:11:32.146 | [link] hdlc:127.0.0.1:10362 status Stopped -> Starting (LAPB establishing)
2026-08-18 17:11:35.163 | [TX] a=0x01 SABM state=SabmSent vs=0 va=0 vr=0
2026-08-18 17:11:38.181 | [TX] a=0x01 SABM state=SabmSent vs=0 va=0 vr=0
2026-08-18 17:11:41.186 | [TX] a=0x01 SABM state=SabmSent vs=0 va=0 vr=0
2026-08-18 17:11:44.187 | [TX] a=0x01 SABM state=SabmSent vs=0 va=0 vr=0
2026-08-18 17:11:47.190 | [TX] a=0x01 SABM state=SabmSent vs=0 va=0 vr=0
2026-08-18 17:11:50.194 | [TX] a=0x01 SABM state=SabmSent vs=0 va=0 vr=0
2026-08-18 17:11:53.208 | [TX] a=0x01 SABM state=SabmSent vs=0 va=0 vr=0
2026-08-18 17:11:56.220 | [TX] a=0x01 SABM state=SabmSent vs=0 va=0 vr=0
2026-08-18 17:11:59.233 | [TX] a=0x01 SABM state=SabmSent vs=0 va=0 vr=0
2026-08-18 17:12:02.239 | [TX] a=0x01 SABM state=SabmSent vs=0 va=0 vr=0
2026-08-18 17:12:05.242 | [TX] a=0x01 SABM state=SabmSent vs=0 va=0 vr=0
2026-08-18 17:12:08.248 | [TX] a=0x01 SABM state=SabmSent vs=0 va=0 vr=0
2026-08-18 17:12:11.260 | [TX] a=0x01 SABM state=SabmSent vs=0 va=0 vr=0
2026-08-18 17:12:14.266 | [TX] a=0x01 SABM state=SabmSent vs=0 va=0 vr=0
2026-08-18 17:12:17.297 | [TX] a=0x01 SABM state=SabmSent vs=0 va=0 vr=0
2026-08-18 17:12:20.306 | [TX] a=0x01 SABM state=SabmSent vs=0 va=0 vr=0
2026-08-18 17:12:23.318 | [TX] a=0x01 SABM state=SabmSent vs=0 va=0 vr=0
2026-08-18 17:12:26.334 | [TX] a=0x01 SABM state=SabmSent vs=0 va=0 vr=0
2026-08-18 17:12:29.339 | [TX] a=0x01 SABM state=SabmSent vs=0 va=0 vr=0
2026-08-18 17:12:32.346 | [TX] a=0x01 SABM state=SabmSent vs=0 va=0 vr=0
2026-08-18 17:12:35.357 | [TX] a=0x01 SABM state=SabmSent vs=0 va=0 vr=0
2026-08-18 17:12:38.360 | [TX] a=0x01 SABM state=SabmSent vs=0 va=0 vr=0
2026-08-18 17:12:41.390 | [TX] a=0x01 SABM state=SabmSent vs=0 va=0 vr=0
2026-08-18 17:12:44.393 | [TX] a=0x01 SABM state=SabmSent vs=0 va=0 vr=0
2026-08-18 17:12:47.399 | [TX] a=0x01 SABM state=SabmSent vs=0 va=0 vr=0
2026-08-18 17:12:50.401 | [TX] a=0x01 SABM state=SabmSent vs=0 va=0 vr=0
2026-08-18 17:12:53.400 | [TX] a=0x01 SABM state=SabmSent vs=0 va=0 vr=0
2026-08-18 17:12:56.430 | [TX] a=0x01 SABM state=SabmSent vs=0 va=0 vr=0
2026-08-18 17:12:59.435 | [TX] a=0x01 SABM state=SabmSent vs=0 va=0 vr=0
2026-08-18 17:13:02.441 | [TX] a=0x01 SABM state=SabmSent vs=0 va=0 vr=0
2026-08-18 17:13:05.445 | [TX] a=0x01 SABM state=SabmSent vs=0 va=0 vr=0
2026-08-18 17:13:08.446 | [TX] a=0x01 SABM state=SabmSent vs=0 va=0 vr=0
2026-08-18 17:13:11.450 | [TX] a=0x01 SABM state=SabmSent vs=0 va=0 vr=0
2026-08-18 17:13:14.478 | [TX] a=0x01 SABM state=SabmSent vs=0 va=0 vr=0
2026-08-18 17:13:17.484 | [TX] a=0x01 SABM state=SabmSent vs=0 va=0 vr=0
2026-08-18 17:13:20.496 | [TX] a=0x01 SABM state=SabmSent vs=0 va=0 vr=0
2026-08-18 17:13:23.498 | [TX] a=0x01 SABM state=SabmSent vs=0 va=0 vr=0
2026-08-18 17:13:26.508 | [TX] a=0x01 SABM state=SabmSent vs=0 va=0 vr=0
2026-08-18 17:13:29.514 | [TX] a=0x01 SABM state=SabmSent vs=0 va=0 vr=0
2026-08-18 17:13:32.526 | [TX] a=0x01 SABM state=SabmSent vs=0 va=0 vr=0
2026-08-18 17:13:35.535 | [TX] a=0x01 SABM state=SabmSent vs=0 va=0 vr=0
2026-08-18 17:13:38.544 | [TX] a=0x01 SABM state=SabmSent vs=0 va=0 vr=0
2026-08-18 17:13:41.556 | [TX] a=0x01 SABM state=SabmSent vs=0 va=0 vr=0
2026-08-18 17:13:44.581 | [TX] a=0x01 SABM state=SabmSent vs=0 va=0 vr=0
2026-08-18 17:13:47.585 | [TX] a=0x01 SABM state=SabmSent vs=0 va=0 vr=0
2026-08-18 17:13:50.593 | [TX] a=0x01 SABM state=SabmSent vs=0 va=0 vr=0
2026-08-18 17:13:53.619 | [TX] a=0x01 SABM state=SabmSent vs=0 va=0 vr=0
2026-08-18 17:13:56.624 | [TX] a=0x01 SABM state=SabmSent vs=0 va=0 vr=0
2026-08-18 17:13:59.630 | [TX] a=0x01 SABM state=SabmSent vs=0 va=0 vr=0
2026-08-18 17:14:02.642 | [TX] a=0x01 SABM state=SabmSent vs=0 va=0 vr=0
2026-08-18 17:14:05.655 | [TX] a=0x01 SABM state=SabmSent vs=0 va=0 vr=0
2026-08-18 17:14:08.665 | [TX] a=0x01 SABM state=SabmSent vs=0 va=0 vr=0
2026-08-18 17:14:11.679 | [TX] a=0x01 SABM state=SabmSent vs=0 va=0 vr=0
2026-08-18 17:14:14.692 | [TX] a=0x01 SABM state=SabmSent vs=0 va=0 vr=0
2026-08-18 17:14:17.699 | [TX] a=0x01 SABM state=SabmSent vs=0 va=0 vr=0
2026-08-18 17:14:20.699 | [TX] a=0x01 SABM state=SabmSent vs=0 va=0 vr=0
2026-08-18 17:14:23.710 | [TX] a=0x01 SABM state=SabmSent vs=0 va=0 vr=0
2026-08-18 17:14:26.738 | [TX] a=0x01 SABM state=SabmSent vs=0 va=0 vr=0
2026-08-18 17:14:29.753 | [TX] a=0x01 SABM state=SabmSent vs=0 va=0 vr=0
2026-08-18 17:14:32.759 | [TX] a=0x01 SABM state=SabmSent vs=0 va=0 vr=0
2026-08-18 17:14:35.768 | [TX] a=0x01 SABM state=SabmSent vs=0 va=0 vr=0
2026-08-18 17:14:38.778 | [TX] a=0x01 SABM state=SabmSent vs=0 va=0 vr=0
2026-08-18 17:14:41.787 | [TX] a=0x01 SABM state=SabmSent vs=0 va=0 vr=0
2026-08-18 17:14:44.796 | [TX] a=0x01 SABM state=SabmSent vs=0 va=0 vr=0
2026-08-18 17:14:47.809 | [TX] a=0x01 SABM state=SabmSent vs=0 va=0 vr=0
2026-08-18 17:14:50.818 | [TX] a=0x01 SABM state=SabmSent vs=0 va=0 vr=0
2026-08-18 17:14:53.827 | [TX] a=0x01 SABM state=SabmSent vs=0 va=0 vr=0
2026-08-18 17:14:56.834 | [TX] a=0x01 SABM state=SabmSent vs=0 va=0 vr=0
2026-08-18 17:14:59.845 | [TX] a=0x01 SABM state=SabmSent vs=0 va=0 vr=0
2026-08-18 17:15:02.849 | [TX] a=0x01 SABM state=SabmSent vs=0 va=0 vr=0
2026-08-18 17:15:05.852 | [TX] a=0x01 SABM state=SabmSent vs=0 va=0 vr=0
2026-08-18 17:15:08.860 | [TX] a=0x01 SABM state=SabmSent vs=0 va=0 vr=0
2026-08-18 17:15:11.871 | [TX] a=0x01 SABM state=SabmSent vs=0 va=0 vr=0
2026-08-18 17:15:14.888 | [TX] a=0x01 SABM state=SabmSent vs=0 va=0 vr=0
2026-08-18 17:15:17.892 | [TX] a=0x01 SABM state=SabmSent vs=0 va=0 vr=0
2026-08-18 17:15:20.892 | [TX] a=0x01 SABM state=SabmSent vs=0 va=0 vr=0
2026-08-18 17:15:23.907 | [TX] a=0x01 SABM state=SabmSent vs=0 va=0 vr=0
2026-08-18 17:15:26.909 | [TX] a=0x01 SABM state=SabmSent vs=0 va=0 vr=0
2026-08-18 17:15:29.914 | [TX] a=0x01 SABM state=SabmSent vs=0 va=0 vr=0
2026-08-18 17:15:32.136 | [runner] the pull did NOT finish within 240s - no file was written. Raise --transfer-timeout for a very large file, or check the link.
